  Determining projects to restore...
C:\LubeLogger\lubelog\CarCareTracker.csproj : warning NU1902: Package 'MimeKit' 4.14.0 has a known moderate severity vulnerability, https://github.com/advisories/GHSA-g7hc-96xr-gvvx [C:\LubeLogger\lubelog\CarCareTracker.sln]
  All projects are up-to-date for restore.
C:\LubeLogger\lubelog\CarCareTracker.csproj : warning NU1902: Package 'MimeKit' 4.14.0 has a known moderate severity vulnerability, https://github.com/advisories/GHSA-g7hc-96xr-gvvx
C:\LubeLogger\lubelog\Controllers\ErrorController.cs(7,30): warning CS0114: 'ErrorController.Unauthorized()' hides inherited member 'ControllerBase.Unauthorized()'. To make the current member override that implementation, add the override keyword. Otherwise add the new keyword. [C:\LubeLogger\lubelog\CarCareTracker.csproj]
C:\LubeLogger\lubelog\Middleware\Authen.cs(159,63): warning CS8604: Possible null reference argument for parameter 'apiKey' in 'UserData ILoginLogic.ValidateAPIKey(string apiKey)'. [C:\LubeLogger\lubelog\CarCareTracker.csproj]
C:\LubeLogger\lubelog\Middleware\Authen.cs(189,67): warning CS8600: Converting null literal or possible null value to non-nullable type. [C:\LubeLogger\lubelog\CarCareTracker.csproj]
C:\LubeLogger\lubelog\Middleware\Authen.cs(207,67): warning CS8600: Converting null literal or possible null value to non-nullable type. [C:\LubeLogger\lubelog\CarCareTracker.csproj]
C:\LubeLogger\lubelog\Middleware\Authen.cs(209,21): warning CS8602: Dereference of a possibly null reference. [C:\LubeLogger\lubelog\CarCareTracker.csproj]
C:\LubeLogger\lubelog\Middleware\Authen.cs(209,21): warning CS8602: Dereference of a possibly null reference. [C:\LubeLogger\lubelog\CarCareTracker.csproj]
C:\LubeLogger\lubelog\MapProfile\ImportMappers.cs(37,40): warning CS8602: Dereference of a possibly null reference. [C:\LubeLogger\lubelog\CarCareTracker.csproj]
C:\LubeLogger\lubelog\MapProfile\ImportMappers.cs(41,62): warning CS8604: Possible null reference argument for parameter 'value' in 'void Dictionary<string, string>.Add(string key, string value)'. [C:\LubeLogger\lubelog\CarCareTracker.csproj]
C:\LubeLogger\lubelog\Views\Vehicle\_UserCollaborators.cshtml(43,29): warning CS8602: Dereference of a possibly null reference. [C:\LubeLogger\lubelog\CarCareTracker.csproj]
C:\LubeLogger\lubelog\Controllers\PublicController.cs(79,44): error CS1061: 'InspectionRecordInput' does not contain a definition for 'Name' and no accessible extension method 'Name' accepting a first argument of type 'InspectionRecordInput' could be found (are you missing a using directive or an assembly reference?) [C:\LubeLogger\lubelog\CarCareTracker.csproj]
C:\LubeLogger\lubelog\External\Implementations\Postgres\VehicleDataAccess.cs(104,83): warning CS8604: Possible null reference argument for parameter 'json' in 'Vehicle? JsonSerializer.Deserialize<Vehicle>(string json, JsonSerializerOptions? options = null)'. [C:\LubeLogger\lubelog\CarCareTracker.csproj]
C:\LubeLogger\lubelog\External\Implementations\Postgres\VehicleDataAccess.cs(104,47): warning CS8600: Converting null literal or possible null value to non-nullable type. [C:\LubeLogger\lubelog\CarCareTracker.csproj]
C:\LubeLogger\lubelog\External\Implementations\Postgres\VehicleDataAccess.cs(105,41): warning CS8604: Possible null reference argument for parameter 'item' in 'void List<Vehicle>.Add(Vehicle item)'. [C:\LubeLogger\lubelog\CarCareTracker.csproj]
C:\LubeLogger\lubelog\Filter\StrictCollaboratorFilter.cs(29,46): warning CS8602: Dereference of a possibly null reference. [C:\LubeLogger\lubelog\CarCareTracker.csproj]
C:\LubeLogger\lubelog\Filter\StrictCollaboratorFilter.cs(29,46): warning CS8604: Possible null reference argument for parameter 's' in 'int int.Parse(string s)'. [C:\LubeLogger\lubelog\CarCareTracker.csproj]
C:\LubeLogger\lubelog\Filter\StrictCollaboratorFilter.cs(33,41): warning CS8604: Possible null reference argument for parameter 'collection' in 'void List<int>.AddRange(IEnumerable<int> collection)'. [C:\LubeLogger\lubelog\CarCareTracker.csproj]
C:\LubeLogger\lubelog\Filter\StrictCollaboratorFilter.cs(42,52): warning CS8604: Possible null reference argument for parameter 's' in 'int int.Parse(string s)'. [C:\LubeLogger\lubelog\CarCareTracker.csproj]
C:\LubeLogger\lubelog\Helper\TranslationHelper.cs(61,17): warning CS8602: Dereference of a possibly null reference. [C:\LubeLogger\lubelog\CarCareTracker.csproj]
C:\LubeLogger\lubelog\External\Implementations\Postgres\VehicleDataAccess.cs(127,75): warning CS8604: Possible null reference argument for parameter 'json' in 'Vehicle? JsonSerializer.Deserialize<Vehicle>(string json, JsonSerializerOptions? options = null)'. [C:\LubeLogger\lubelog\CarCareTracker.csproj]
C:\LubeLogger\lubelog\External\Implementations\Postgres\VehicleDataAccess.cs(127,39): warning CS8600: Converting null literal or possible null value to non-nullable type. [C:\LubeLogger\lubelog\CarCareTracker.csproj]
C:\LubeLogger\lubelog\External\Implementations\Postgres\VehicleDataAccess.cs(130,24): warning CS8603: Possible null reference return. [C:\LubeLogger\lubelog\CarCareTracker.csproj]
C:\LubeLogger\lubelog\Models\User\UserHousehold.cs(10,32): warning CS8618: Non-nullable property 'Id' must contain a non-null value when exiting constructor. Consider adding the 'required' modifier or declaring the property as nullable. [C:\LubeLogger\lubelog\CarCareTracker.csproj]
C:\LubeLogger\lubelog\External\Implementations\Postgres\UserRecordDataAccess.cs(42,51): warning CS8604: Possible null reference argument for parameter 's' in 'int int.Parse(string s)'. [C:\LubeLogger\lubelog\CarCareTracker.csproj]
C:\LubeLogger\lubelog\External\Implementations\Postgres\UserRecordDataAccess.cs(43,47): warning CS8601: Possible null reference assignment. [C:\LubeLogger\lubelog\CarCareTracker.csproj]
C:\LubeLogger\lubelog\External\Implementations\Postgres\UserRecordDataAccess.cs(44,51): warning CS8601: Possible null reference assignment. [C:\LubeLogger\lubelog\CarCareTracker.csproj]
C:\LubeLogger\lubelog\External\Implementations\Postgres\UserRecordDataAccess.cs(45,47): warning CS8601: Possible null reference assignment. [C:\LubeLogger\lubelog\CarCareTracker.csproj]
C:\LubeLogger\lubelog\External\Implementations\Postgres\UserRecordDataAccess.cs(46,57): warning CS8604: Possible null reference argument for parameter 'value' in 'bool bool.Parse(string value)'. [C:\LubeLogger\lubelog\CarCareTracker.csproj]
C:\LubeLogger\lubelog\Models\User\UserConfigData.cs(9,27): warning CS8618: Non-nullable property 'UserConfig' must contain a non-null value when exiting constructor. Consider adding the 'required' modifier or declaring the property as nullable. [C:\LubeLogger\lubelog\CarCareTracker.csproj]
C:\LubeLogger\lubelog\Filter\APIKeyFilter.cs(27,71): warning CS8604: Possible null reference argument for parameter 'apiKey' in 'List<HouseholdPermission> IUserLogic.GetAPIKeyPermissions(string apiKey)'. [C:\LubeLogger\lubelog\CarCareTracker.csproj]
C:\LubeLogger\lubelog\Filter\QueryParamFilter.cs(32,77): warning CS8600: Converting null literal or possible null value to non-nullable type. [C:\LubeLogger\lubelog\CarCareTracker.csproj]
C:\LubeLogger\lubelog\Filter\QueryParamFilter.cs(36,93): warning CS8604: Possible null reference argument for parameter 's' in 'int int.Parse(string s)'. [C:\LubeLogger\lubelog\CarCareTracker.csproj]
C:\LubeLogger\lubelog\Filter\QueryParamFilter.cs(40,94): warning CS8604: Possible null reference argument for parameter 'value' in 'bool bool.Parse(string value)'. [C:\LubeLogger\lubelog\CarCareTracker.csproj]
C:\LubeLogger\lubelog\Models\User\UserCollaborator.cs(6,28): warning CS8618: Non-nullable property 'UserVehicle' must contain a non-null value when exiting constructor. Consider adding the 'required' modifier or declaring the property as nullable. [C:\LubeLogger\lubelog\CarCareTracker.csproj]
C:\LubeLogger\lubelog\Models\User\UserAccess.cs(10,28): warning CS8618: Non-nullable property 'Id' must contain a non-null value when exiting constructor. Consider adding the 'required' modifier or declaring the property as nullable. [C:\LubeLogger\lubelog\CarCareTracker.csproj]
C:\LubeLogger\lubelog\External\Implementations\Postgres\UserRecordDataAccess.cs(70,51): warning CS8604: Possible null reference argument for parameter 's' in 'int int.Parse(string s)'. [C:\LubeLogger\lubelog\CarCareTracker.csproj]
C:\LubeLogger\lubelog\External\Implementations\Postgres\UserRecordDataAccess.cs(71,47): warning CS8601: Possible null reference assignment. [C:\LubeLogger\lubelog\CarCareTracker.csproj]
C:\LubeLogger\lubelog\External\Implementations\Postgres\UserRecordDataAccess.cs(72,51): warning CS8601: Possible null reference assignment. [C:\LubeLogger\lubelog\CarCareTracker.csproj]
C:\LubeLogger\lubelog\External\Implementations\Postgres\UserRecordDataAccess.cs(73,47): warning CS8601: Possible null reference assignment. [C:\LubeLogger\lubelog\CarCareTracker.csproj]
C:\LubeLogger\lubelog\External\Implementations\Postgres\UserRecordDataAccess.cs(74,57): warning CS8604: Possible null reference argument for parameter 'value' in 'bool bool.Parse(string value)'. [C:\LubeLogger\lubelog\CarCareTracker.csproj]
C:\LubeLogger\lubelog\External\Implementations\Postgres\UserRecordDataAccess.cs(97,51): warning CS8604: Possible null reference argument for parameter 's' in 'int int.Parse(string s)'. [C:\LubeLogger\lubelog\CarCareTracker.csproj]
C:\LubeLogger\lubelog\External\Implementations\Postgres\UserRecordDataAccess.cs(98,47): warning CS8601: Possible null reference assignment. [C:\LubeLogger\lubelog\CarCareTracker.csproj]
C:\LubeLogger\lubelog\External\Implementations\Postgres\UserRecordDataAccess.cs(99,51): warning CS8601: Possible null reference assignment. [C:\LubeLogger\lubelog\CarCareTracker.csproj]
C:\LubeLogger\lubelog\External\Implementations\Postgres\UserRecordDataAccess.cs(100,47): warning CS8601: Possible null reference assignment. [C:\LubeLogger\lubelog\CarCareTracker.csproj]
C:\LubeLogger\lubelog\External\Implementations\Postgres\UserRecordDataAccess.cs(101,57): warning CS8604: Possible null reference argument for parameter 'value' in 'bool bool.Parse(string value)'. [C:\LubeLogger\lubelog\CarCareTracker.csproj]
C:\LubeLogger\lubelog\Filter\CollaboratorFilter.cs(31,46): warning CS8602: Dereference of a possibly null reference. [C:\LubeLogger\lubelog\CarCareTracker.csproj]
C:\LubeLogger\lubelog\Filter\CollaboratorFilter.cs(31,46): warning CS8604: Possible null reference argument for parameter 's' in 'int int.Parse(string s)'. [C:\LubeLogger\lubelog\CarCareTracker.csproj]
C:\LubeLogger\lubelog\Filter\CollaboratorFilter.cs(35,41): warning CS8604: Possible null reference argument for parameter 'collection' in 'void List<int>.AddRange(IEnumerable<int> collection)'. [C:\LubeLogger\lubelog\CarCareTracker.csproj]
C:\LubeLogger\lubelog\Filter\CollaboratorFilter.cs(43,52): warning CS8604: Possible null reference argument for parameter 's' in 'int int.Parse(string s)'. [C:\LubeLogger\lubelog\CarCareTracker.csproj]
C:\LubeLogger\lubelog\Filter\CollaboratorFilter.cs(51,67): warning CS8602: Dereference of a possibly null reference. [C:\LubeLogger\lubelog\CarCareTracker.csproj]
C:\LubeLogger\lubelog\Filter\CollaboratorFilter.cs(51,67): warning CS8604: Possible null reference argument for parameter 'endpoint' in 'bool StaticHelper.IsShopSupplyEndpoint(string endpoint)'. [C:\LubeLogger\lubelog\CarCareTracker.csproj]
C:\LubeLogger\lubelog\Filter\CollaboratorFilter.cs(56,73): warning CS8602: Dereference of a possibly null reference. [C:\LubeLogger\lubelog\CarCareTracker.csproj]
C:\LubeLogger\lubelog\Filter\CollaboratorFilter.cs(56,73): warning CS8604: Possible null reference argument for parameter 'endpoint' in 'bool StaticHelper.IsShopSupplyEndpoint(string endpoint)'. [C:\LubeLogger\lubelog\CarCareTracker.csproj]
C:\LubeLogger\lubelog\External\Implementations\Postgres\UserRecordDataAccess.cs(124,51): warning CS8604: Possible null reference argument for parameter 's' in 'int int.Parse(string s)'. [C:\LubeLogger\lubelog\CarCareTracker.csproj]
C:\LubeLogger\lubelog\External\Implementations\Postgres\UserRecordDataAccess.cs(125,47): warning CS8601: Possible null reference assignment. [C:\LubeLogger\lubelog\CarCareTracker.csproj]
C:\LubeLogger\lubelog\External\Implementations\Postgres\UserRecordDataAccess.cs(126,51): warning CS8601: Possible null reference assignment. [C:\LubeLogger\lubelog\CarCareTracker.csproj]
C:\LubeLogger\lubelog\External\Implementations\Postgres\UserRecordDataAccess.cs(127,47): warning CS8601: Possible null reference assignment. [C:\LubeLogger\lubelog\CarCareTracker.csproj]
C:\LubeLogger\lubelog\External\Implementations\Postgres\UserRecordDataAccess.cs(128,57): warning CS8604: Possible null reference argument for parameter 'value' in 'bool bool.Parse(string value)'. [C:\LubeLogger\lubelog\CarCareTracker.csproj]
C:\LubeLogger\lubelog\External\Implementations\Postgres\UserHouseholdDataAccess.cs(43,94): warning CS8604: Possible null reference argument for parameter 'json' in 'UserHousehold? JsonSerializer.Deserialize<UserHousehold>(string json, JsonSerializerOptions? options = null)'. [C:\LubeLogger\lubelog\CarCareTracker.csproj]
C:\LubeLogger\lubelog\External\Implementations\Postgres\UserHouseholdDataAccess.cs(43,52): warning CS8600: Converting null literal or possible null value to non-nullable type. [C:\LubeLogger\lubelog\CarCareTracker.csproj]
C:\LubeLogger\lubelog\External\Implementations\Postgres\UserHouseholdDataAccess.cs(44,41): warning CS8604: Possible null reference argument for parameter 'item' in 'void List<UserHousehold>.Add(UserHousehold item)'. [C:\LubeLogger\lubelog\CarCareTracker.csproj]
C:\LubeLogger\lubelog\External\Implementations\Postgres\UserHouseholdDataAccess.cs(67,94): warning CS8604: Possible null reference argument for parameter 'json' in 'UserHousehold? JsonSerializer.Deserialize<UserHousehold>(string json, JsonSerializerOptions? options = null)'. [C:\LubeLogger\lubelog\CarCareTracker.csproj]
C:\LubeLogger\lubelog\External\Implementations\Postgres\UserHouseholdDataAccess.cs(67,52): warning CS8600: Converting null literal or possible null value to non-nullable type. [C:\LubeLogger\lubelog\CarCareTracker.csproj]
C:\LubeLogger\lubelog\External\Implementations\Postgres\UserHouseholdDataAccess.cs(68,41): warning CS8604: Possible null reference argument for parameter 'item' in 'void List<UserHousehold>.Add(UserHousehold item)'. [C:\LubeLogger\lubelog\CarCareTracker.csproj]
C:\LubeLogger\lubelog\External\Implementations\Postgres\UserHouseholdDataAccess.cs(84,40): warning CS8600: Converting null literal or possible null value to non-nullable type. [C:\LubeLogger\lubelog\CarCareTracker.csproj]
C:\LubeLogger\lubelog\External\Implementations\Postgres\UserHouseholdDataAccess.cs(92,80): warning CS8604: Possible null reference argument for parameter 'json' in 'UserHousehold? JsonSerializer.Deserialize<UserHousehold>(string json, JsonSerializerOptions? options = null)'. [C:\LubeLogger\lubelog\CarCareTracker.csproj]
C:\LubeLogger\lubelog\External\Implementations\Postgres\UserHouseholdDataAccess.cs(92,38): warning CS8600: Converting null literal or possible null value to non-nullable type. [C:\LubeLogger\lubelog\CarCareTracker.csproj]
C:\LubeLogger\lubelog\External\Implementations\Postgres\UserHouseholdDataAccess.cs(93,36): warning CS8603: Possible null reference return. [C:\LubeLogger\lubelog\CarCareTracker.csproj]
C:\LubeLogger\lubelog\External\Implementations\Postgres\UserHouseholdDataAccess.cs(96,24): warning CS8603: Possible null reference return. [C:\LubeLogger\lubelog\CarCareTracker.csproj]
C:\LubeLogger\lubelog\External\Implementations\Postgres\UserConfigDataAccess.cs(36,41): warning CS8600: Converting null literal or possible null value to non-nullable type. [C:\LubeLogger\lubelog\CarCareTracker.csproj]
C:\LubeLogger\lubelog\External\Implementations\Postgres\UserConfigDataAccess.cs(43,100): warning CS8604: Possible null reference argument for parameter 'json' in 'UserConfigData? JsonSerializer.Deserialize<UserConfigData>(string json, JsonSerializerOptions? options = null)'. [C:\LubeLogger\lubelog\CarCareTracker.csproj]
C:\LubeLogger\lubelog\External\Implementations\Postgres\UserConfigDataAccess.cs(43,57): warning CS8600: Converting null literal or possible null value to non-nullable type. [C:\LubeLogger\lubelog\CarCareTracker.csproj]
C:\LubeLogger\lubelog\External\Implementations\Postgres\UserConfigDataAccess.cs(44,38): warning CS8600: Converting null literal or possible null value to non-nullable type. [C:\LubeLogger\lubelog\CarCareTracker.csproj]
C:\LubeLogger\lubelog\External\Implementations\Postgres\UserConfigDataAccess.cs(47,24): warning CS8603: Possible null reference return. [C:\LubeLogger\lubelog\CarCareTracker.csproj]
C:\LubeLogger\lubelog\External\Implementations\Postgres\UserAccessDataAccess.cs(51,56): warning CS8604: Possible null reference argument for parameter 's' in 'int int.Parse(string s)'. [C:\LubeLogger\lubelog\CarCareTracker.csproj]
C:\LubeLogger\lubelog\External\Implementations\Postgres\UserAccessDataAccess.cs(52,59): warning CS8604: Possible null reference argument for parameter 's' in 'int int.Parse(string s)'. [C:\LubeLogger\lubelog\CarCareTracker.csproj]
C:\LubeLogger\lubelog\External\Implementations\Postgres\UserAccessDataAccess.cs(71,37): warning CS8600: Converting null literal or possible null value to non-nullable type. [C:\LubeLogger\lubelog\CarCareTracker.csproj]
C:\LubeLogger\lubelog\External\Implementations\Postgres\UserAccessDataAccess.cs(83,56): warning CS8604: Possible null reference argument for parameter 's' in 'int int.Parse(string s)'. [C:\LubeLogger\lubelog\CarCareTracker.csproj]
C:\LubeLogger\lubelog\External\Implementations\Postgres\UserAccessDataAccess.cs(84,59): warning CS8604: Possible null reference argument for parameter 's' in 'int int.Parse(string s)'. [C:\LubeLogger\lubelog\CarCareTracker.csproj]
C:\LubeLogger\lubelog\External\Implementations\Postgres\UserAccessDataAccess.cs(90,24): warning CS8603: Possible null reference return. [C:\LubeLogger\lubelog\CarCareTracker.csproj]
C:\LubeLogger\lubelog\External\Implementations\Postgres\UserAccessDataAccess.cs(114,56): warning CS8604: Possible null reference argument for parameter 's' in 'int int.Parse(string s)'. [C:\LubeLogger\lubelog\CarCareTracker.csproj]
C:\LubeLogger\lubelog\External\Implementations\Postgres\UserAccessDataAccess.cs(115,59): warning CS8604: Possible null reference argument for parameter 's' in 'int int.Parse(string s)'. [C:\LubeLogger\lubelog\CarCareTracker.csproj]
C:\LubeLogger\lubelog\External\Implementations\Postgres\UpgradeRecordDataAccess.cs(43,101): warning CS8604: Possible null reference argument for parameter 'json' in 'UpgradeRecord? JsonSerializer.Deserialize<UpgradeRecord>(string json, JsonSerializerOptions? options = null)'. [C:\LubeLogger\lubelog\CarCareTracker.csproj]
C:\LubeLogger\lubelog\External\Implementations\Postgres\UpgradeRecordDataAccess.cs(43,59): warning CS8600: Converting null literal or possible null value to non-nullable type. [C:\LubeLogger\lubelog\CarCareTracker.csproj]
C:\LubeLogger\lubelog\External\Implementations\Postgres\UpgradeRecordDataAccess.cs(44,41): warning CS8604: Possible null reference argument for parameter 'item' in 'void List<UpgradeRecord>.Add(UpgradeRecord item)'. [C:\LubeLogger\lubelog\CarCareTracker.csproj]
C:\LubeLogger\lubelog\External\Implementations\Postgres\UpgradeRecordDataAccess.cs(67,101): warning CS8604: Possible null reference argument for parameter 'json' in 'UpgradeRecord? JsonSerializer.Deserialize<UpgradeRecord>(string json, JsonSerializerOptions? options = null)'. [C:\LubeLogger\lubelog\CarCareTracker.csproj]
C:\LubeLogger\lubelog\External\Implementations\Postgres\UpgradeRecordDataAccess.cs(67,59): warning CS8600: Converting null literal or possible null value to non-nullable type. [C:\LubeLogger\lubelog\CarCareTracker.csproj]
C:\LubeLogger\lubelog\External\Implementations\Postgres\UpgradeRecordDataAccess.cs(71,24): warning CS8603: Possible null reference return. [C:\LubeLogger\lubelog\CarCareTracker.csproj]
C:\LubeLogger\lubelog\Views\Home\Index.cshtml(72,203): warning CS8602: Dereference of a possibly null reference. [C:\LubeLogger\lubelog\CarCareTracker.csproj]
C:\LubeLogger\lubelog\Helper\ConfigHelper.cs(468,22): warning CS8602: Dereference of a possibly null reference. [C:\LubeLogger\lubelog\CarCareTracker.csproj]
C:\LubeLogger\lubelog\Helper\ConfigHelper.cs(465,20): warning CS8603: Possible null reference return. [C:\LubeLogger\lubelog\CarCareTracker.csproj]
C:\LubeLogger\lubelog\Models\Settings\SettingsViewModel.cs(5,27): warning CS8618: Non-nullable property 'UserConfig' must contain a non-null value when exiting constructor. Consider adding the 'required' modifier or declaring the property as nullable. [C:\LubeLogger\lubelog\CarCareTracker.csproj]
C:\LubeLogger\lubelog\Models\Settings\ServerSettingsViewModel.cs(27,33): warning CS8618: Non-nullable property 'KestrelAppConfig' must contain a non-null value when exiting constructor. Consider adding the 'required' modifier or declaring the property as nullable. [C:\LubeLogger\lubelog\CarCareTracker.csproj]
C:\LubeLogger\lubelog\Models\Report\VehicleHistoryViewModel.cs(5,24): warning CS8618: Non-nullable property 'VehicleData' must contain a non-null value when exiting constructor. Consider adding the 'required' modifier or declaring the property as nullable. [C:\LubeLogger\lubelog\CarCareTracker.csproj]
C:\LubeLogger\lubelog\Models\Report\VehicleHistoryViewModel.cs(6,41): warning CS8618: Non-nullable property 'VehicleHistory' must contain a non-null value when exiting constructor. Consider adding the 'required' modifier or declaring the property as nullable. [C:\LubeLogger\lubelog\CarCareTracker.csproj]
C:\LubeLogger\lubelog\Models\Report\VehicleHistoryViewModel.cs(7,32): warning CS8618: Non-nullable property 'ReportParameters' must contain a non-null value when exiting constructor. Consider adding the 'required' modifier or declaring the property as nullable. [C:\LubeLogger\lubelog\CarCareTracker.csproj]
C:\LubeLogger\lubelog\Models\Login\AuthCookie.cs(5,25): warning CS8618: Non-nullable property 'UserData' must contain a non-null value when exiting constructor. Consider adding the 'required' modifier or declaring the property as nullable. [C:\LubeLogger\lubelog\CarCareTracker.csproj]
C:\LubeLogger\lubelog\Models\Kiosk\KioskReminderViewModel.cs(5,24): warning CS8618: Non-nullable property 'VehicleData' must contain a non-null value when exiting constructor. Consider adding the 'required' modifier or declaring the property as nullable. [C:\LubeLogger\lubelog\CarCareTracker.csproj]
C:\LubeLogger\lubelog\Models\Kiosk\KioskPlanViewModel.cs(5,24): warning CS8618: Non-nullable property 'VehicleData' must contain a non-null value when exiting constructor. Consider adding the 'required' modifier or declaring the property as nullable. [C:\LubeLogger\lubelog\CarCareTracker.csproj]
C:\LubeLogger\lubelog\Models\API\VehicleInfo.cs(10,39): warning CS8618: Non-nullable property 'NextReminder' must contain a non-null value when exiting constructor. Consider adding the 'required' modifier or declaring the property as nullable. [C:\LubeLogger\lubelog\CarCareTracker.csproj]
C:\LubeLogger\lubelog\External\Implementations\Postgres\TokenRecordDataAccess.cs(42,51): warning CS8604: Possible null reference argument for parameter 's' in 'int int.Parse(string s)'. [C:\LubeLogger\lubelog\CarCareTracker.csproj]
C:\LubeLogger\lubelog\External\Implementations\Postgres\TokenRecordDataAccess.cs(43,51): warning CS8601: Possible null reference assignment. [C:\LubeLogger\lubelog\CarCareTracker.csproj]
C:\LubeLogger\lubelog\External\Implementations\Postgres\TokenRecordDataAccess.cs(44,43): warning CS8601: Possible null reference assignment. [C:\LubeLogger\lubelog\CarCareTracker.csproj]
C:\LubeLogger\lubelog\External\Implementations\Postgres\TokenRecordDataAccess.cs(68,51): warning CS8604: Possible null reference argument for parameter 's' in 'int int.Parse(string s)'. [C:\LubeLogger\lubelog\CarCareTracker.csproj]
C:\LubeLogger\lubelog\External\Implementations\Postgres\TokenRecordDataAccess.cs(69,51): warning CS8601: Possible null reference assignment. [C:\LubeLogger\lubelog\CarCareTracker.csproj]
C:\LubeLogger\lubelog\External\Implementations\Postgres\TokenRecordDataAccess.cs(70,43): warning CS8601: Possible null reference assignment. [C:\LubeLogger\lubelog\CarCareTracker.csproj]
C:\LubeLogger\lubelog\External\Implementations\Postgres\TaxRecordDataAccess.cs(43,89): warning CS8604: Possible null reference argument for parameter 'json' in 'TaxRecord? JsonSerializer.Deserialize<TaxRecord>(string json, JsonSerializerOptions? options = null)'. [C:\LubeLogger\lubelog\CarCareTracker.csproj]
C:\LubeLogger\lubelog\External\Implementations\Postgres\TaxRecordDataAccess.cs(43,51): warning CS8600: Converting null literal or possible null value to non-nullable type. [C:\LubeLogger\lubelog\CarCareTracker.csproj]
C:\LubeLogger\lubelog\External\Implementations\Postgres\TaxRecordDataAccess.cs(44,41): warning CS8604: Possible null reference argument for parameter 'item' in 'void List<TaxRecord>.Add(TaxRecord item)'. [C:\LubeLogger\lubelog\CarCareTracker.csproj]
C:\LubeLogger\lubelog\External\Implementations\Postgres\ServiceRecordDataAccess.cs(43,101): warning CS8604: Possible null reference argument for parameter 'json' in 'ServiceRecord? JsonSerializer.Deserialize<ServiceRecord>(string json, JsonSerializerOptions? options = null)'. [C:\LubeLogger\lubelog\CarCareTracker.csproj]
C:\LubeLogger\lubelog\External\Implementations\Postgres\ServiceRecordDataAccess.cs(43,59): warning CS8600: Converting null literal or possible null value to non-nullable type. [C:\LubeLogger\lubelog\CarCareTracker.csproj]
C:\LubeLogger\lubelog\External\Implementations\Postgres\ServiceRecordDataAccess.cs(44,41): warning CS8604: Possible null reference argument for parameter 'item' in 'void List<ServiceRecord>.Add(ServiceRecord item)'. [C:\LubeLogger\lubelog\CarCareTracker.csproj]
C:\LubeLogger\lubelog\External\Implementations\Postgres\TaxRecordDataAccess.cs(67,89): warning CS8604: Possible null reference argument for parameter 'json' in 'TaxRecord? JsonSerializer.Deserialize<TaxRecord>(string json, JsonSerializerOptions? options = null)'. [C:\LubeLogger\lubelog\CarCareTracker.csproj]
C:\LubeLogger\lubelog\External\Implementations\Postgres\TaxRecordDataAccess.cs(67,51): warning CS8600: Converting null literal or possible null value to non-nullable type. [C:\LubeLogger\lubelog\CarCareTracker.csproj]
C:\LubeLogger\lubelog\External\Implementations\Postgres\TaxRecordDataAccess.cs(71,24): warning CS8603: Possible null reference return. [C:\LubeLogger\lubelog\CarCareTracker.csproj]
C:\LubeLogger\lubelog\External\Implementations\Postgres\ReminderRecordDataAccess.cs(43,104): warning CS8604: Possible null reference argument for parameter 'json' in 'ReminderRecord? JsonSerializer.Deserialize<ReminderRecord>(string json, JsonSerializerOptions? options = null)'. [C:\LubeLogger\lubelog\CarCareTracker.csproj]
C:\LubeLogger\lubelog\External\Implementations\Postgres\ReminderRecordDataAccess.cs(43,61): warning CS8600: Converting null literal or possible null value to non-nullable type. [C:\LubeLogger\lubelog\CarCareTracker.csproj]
C:\LubeLogger\lubelog\External\Implementations\Postgres\ReminderRecordDataAccess.cs(44,41): warning CS8604: Possible null reference argument for parameter 'item' in 'void List<ReminderRecord>.Add(ReminderRecord item)'. [C:\LubeLogger\lubelog\CarCareTracker.csproj]
C:\LubeLogger\lubelog\External\Implementations\Postgres\ServiceRecordDataAccess.cs(67,101): warning CS8604: Possible null reference argument for parameter 'json' in 'ServiceRecord? JsonSerializer.Deserialize<ServiceRecord>(string json, JsonSerializerOptions? options = null)'. [C:\LubeLogger\lubelog\CarCareTracker.csproj]
C:\LubeLogger\lubelog\External\Implementations\Postgres\ServiceRecordDataAccess.cs(67,59): warning CS8600: Converting null literal or possible null value to non-nullable type. [C:\LubeLogger\lubelog\CarCareTracker.csproj]
C:\LubeLogger\lubelog\External\Implementations\Postgres\ServiceRecordDataAccess.cs(71,24): warning CS8603: Possible null reference return. [C:\LubeLogger\lubelog\CarCareTracker.csproj]
C:\LubeLogger\lubelog\External\Implementations\Postgres\TokenRecordDataAccess.cs(93,51): warning CS8604: Possible null reference argument for parameter 's' in 'int int.Parse(string s)'. [C:\LubeLogger\lubelog\CarCareTracker.csproj]
C:\LubeLogger\lubelog\External\Implementations\Postgres\TokenRecordDataAccess.cs(94,51): warning CS8601: Possible null reference assignment. [C:\LubeLogger\lubelog\CarCareTracker.csproj]
C:\LubeLogger\lubelog\External\Implementations\Postgres\TokenRecordDataAccess.cs(95,43): warning CS8601: Possible null reference assignment. [C:\LubeLogger\lubelog\CarCareTracker.csproj]
C:\LubeLogger\lubelog\External\Implementations\Postgres\ReminderRecordDataAccess.cs(67,104): warning CS8604: Possible null reference argument for parameter 'json' in 'ReminderRecord? JsonSerializer.Deserialize<ReminderRecord>(string json, JsonSerializerOptions? options = null)'. [C:\LubeLogger\lubelog\CarCareTracker.csproj]
C:\LubeLogger\lubelog\External\Implementations\Postgres\ReminderRecordDataAccess.cs(67,61): warning CS8600: Converting null literal or possible null value to non-nullable type. [C:\LubeLogger\lubelog\CarCareTracker.csproj]
C:\LubeLogger\lubelog\External\Implementations\Postgres\ReminderRecordDataAccess.cs(71,24): warning CS8603: Possible null reference return. [C:\LubeLogger\lubelog\CarCareTracker.csproj]
C:\LubeLogger\lubelog\External\Implementations\Postgres\PlanRecordTemplateDataAccess.cs(15,52): warning CS8604: Possible null reference argument for parameter 'connectionString' in 'NpgsqlDataSource NpgsqlDataSource.Create(string connectionString)'. [C:\LubeLogger\lubelog\CarCareTracker.csproj]
C:\LubeLogger\lubelog\External\Implementations\Postgres\PlanRecordTemplateDataAccess.cs(43,102): warning CS8604: Possible null reference argument for parameter 'json' in 'PlanRecordInput? JsonSerializer.Deserialize<PlanRecordInput>(string json, JsonSerializerOptions? options = null)'. [C:\LubeLogger\lubelog\CarCareTracker.csproj]
C:\LubeLogger\lubelog\External\Implementations\Postgres\PlanRecordTemplateDataAccess.cs(43,58): warning CS8600: Converting null literal or possible null value to non-nullable type. [C:\LubeLogger\lubelog\CarCareTracker.csproj]
C:\LubeLogger\lubelog\External\Implementations\Postgres\PlanRecordTemplateDataAccess.cs(44,41): warning CS8604: Possible null reference argument for parameter 'item' in 'void List<PlanRecordInput>.Add(PlanRecordInput item)'. [C:\LubeLogger\lubelog\CarCareTracker.csproj]
C:\LubeLogger\lubelog\External\Implementations\Postgres\SupplyRecordDataAccess.cs(43,98): warning CS8604: Possible null reference argument for parameter 'json' in 'SupplyRecord? JsonSerializer.Deserialize<SupplyRecord>(string json, JsonSerializerOptions? options = null)'. [C:\LubeLogger\lubelog\CarCareTracker.csproj]
C:\LubeLogger\lubelog\External\Implementations\Postgres\SupplyRecordDataAccess.cs(43,57): warning CS8600: Converting null literal or possible null value to non-nullable type. [C:\LubeLogger\lubelog\CarCareTracker.csproj]
C:\LubeLogger\lubelog\External\Implementations\Postgres\SupplyRecordDataAccess.cs(44,41): warning CS8604: Possible null reference argument for parameter 'item' in 'void List<SupplyRecord>.Add(SupplyRecord item)'. [C:\LubeLogger\lubelog\CarCareTracker.csproj]
C:\LubeLogger\lubelog\External\Implementations\Postgres\SupplyRecordDataAccess.cs(67,98): warning CS8604: Possible null reference argument for parameter 'json' in 'SupplyRecord? JsonSerializer.Deserialize<SupplyRecord>(string json, JsonSerializerOptions? options = null)'. [C:\LubeLogger\lubelog\CarCareTracker.csproj]
C:\LubeLogger\lubelog\External\Implementations\Postgres\SupplyRecordDataAccess.cs(67,57): warning CS8600: Converting null literal or possible null value to non-nullable type. [C:\LubeLogger\lubelog\CarCareTracker.csproj]
C:\LubeLogger\lubelog\External\Implementations\Postgres\SupplyRecordDataAccess.cs(71,24): warning CS8603: Possible null reference return. [C:\LubeLogger\lubelog\CarCareTracker.csproj]
C:\LubeLogger\lubelog\External\Implementations\Postgres\PlanRecordDataAccess.cs(43,92): warning CS8604: Possible null reference argument for parameter 'json' in 'PlanRecord? JsonSerializer.Deserialize<PlanRecord>(string json, JsonSerializerOptions? options = null)'. [C:\LubeLogger\lubelog\CarCareTracker.csproj]
C:\LubeLogger\lubelog\External\Implementations\Postgres\PlanRecordDataAccess.cs(43,53): warning CS8600: Converting null literal or possible null value to non-nullable type. [C:\LubeLogger\lubelog\CarCareTracker.csproj]
C:\LubeLogger\lubelog\External\Implementations\Postgres\PlanRecordDataAccess.cs(44,41): warning CS8604: Possible null reference argument for parameter 'item' in 'void List<PlanRecord>.Add(PlanRecord item)'. [C:\LubeLogger\lubelog\CarCareTracker.csproj]
C:\LubeLogger\lubelog\External\Implementations\Postgres\PlanRecordTemplateDataAccess.cs(67,102): warning CS8604: Possible null reference argument for parameter 'json' in 'PlanRecordInput? JsonSerializer.Deserialize<PlanRecordInput>(string json, JsonSerializerOptions? options = null)'. [C:\LubeLogger\lubelog\CarCareTracker.csproj]
C:\LubeLogger\lubelog\External\Implementations\Postgres\PlanRecordTemplateDataAccess.cs(67,58): warning CS8600: Converting null literal or possible null value to non-nullable type. [C:\LubeLogger\lubelog\CarCareTracker.csproj]
C:\LubeLogger\lubelog\External\Implementations\Postgres\PlanRecordTemplateDataAccess.cs(71,24): warning CS8603: Possible null reference return. [C:\LubeLogger\lubelog\CarCareTracker.csproj]
C:\LubeLogger\lubelog\External\Implementations\Postgres\PlanRecordDataAccess.cs(67,92): warning CS8604: Possible null reference argument for parameter 'json' in 'PlanRecord? JsonSerializer.Deserialize<PlanRecord>(string json, JsonSerializerOptions? options = null)'. [C:\LubeLogger\lubelog\CarCareTracker.csproj]
C:\LubeLogger\lubelog\External\Implementations\Postgres\PlanRecordDataAccess.cs(67,53): warning CS8600: Converting null literal or possible null value to non-nullable type. [C:\LubeLogger\lubelog\CarCareTracker.csproj]
C:\LubeLogger\lubelog\External\Implementations\Postgres\PlanRecordDataAccess.cs(71,24): warning CS8603: Possible null reference return. [C:\LubeLogger\lubelog\CarCareTracker.csproj]
C:\LubeLogger\lubelog\External\Implementations\Postgres\NoteDataAccess.cs(42,74): warning CS8604: Possible null reference argument for parameter 'json' in 'Note? JsonSerializer.Deserialize<Note>(string json, JsonSerializerOptions? options = null)'. [C:\LubeLogger\lubelog\CarCareTracker.csproj]
C:\LubeLogger\lubelog\External\Implementations\Postgres\NoteDataAccess.cs(42,41): warning CS8600: Converting null literal or possible null value to non-nullable type. [C:\LubeLogger\lubelog\CarCareTracker.csproj]
C:\LubeLogger\lubelog\External\Implementations\Postgres\NoteDataAccess.cs(43,41): warning CS8604: Possible null reference argument for parameter 'item' in 'void List<Note>.Add(Note item)'. [C:\LubeLogger\lubelog\CarCareTracker.csproj]
C:\LubeLogger\lubelog\External\Implementations\Postgres\OdometerRecordDataAccess.cs(43,104): warning CS8604: Possible null reference argument for parameter 'json' in 'OdometerRecord? JsonSerializer.Deserialize<OdometerRecord>(string json, JsonSerializerOptions? options = null)'. [C:\LubeLogger\lubelog\CarCareTracker.csproj]
C:\LubeLogger\lubelog\External\Implementations\Postgres\OdometerRecordDataAccess.cs(43,61): warning CS8600: Converting null literal or possible null value to non-nullable type. [C:\LubeLogger\lubelog\CarCareTracker.csproj]
C:\LubeLogger\lubelog\External\Implementations\Postgres\OdometerRecordDataAccess.cs(44,41): warning CS8604: Possible null reference argument for parameter 'item' in 'void List<OdometerRecord>.Add(OdometerRecord item)'. [C:\LubeLogger\lubelog\CarCareTracker.csproj]
C:\LubeLogger\lubelog\External\Implementations\Postgres\NoteDataAccess.cs(65,74): warning CS8604: Possible null reference argument for parameter 'json' in 'Note? JsonSerializer.Deserialize<Note>(string json, JsonSerializerOptions? options = null)'. [C:\LubeLogger\lubelog\CarCareTracker.csproj]
C:\LubeLogger\lubelog\External\Implementations\Postgres\NoteDataAccess.cs(65,41): warning CS8600: Converting null literal or possible null value to non-nullable type. [C:\LubeLogger\lubelog\CarCareTracker.csproj]
C:\LubeLogger\lubelog\External\Implementations\Postgres\NoteDataAccess.cs(69,24): warning CS8603: Possible null reference return. [C:\LubeLogger\lubelog\CarCareTracker.csproj]
C:\LubeLogger\lubelog\External\Implementations\Postgres\InspectionRecordDataAccess.cs(43,110): warning CS8604: Possible null reference argument for parameter 'json' in 'InspectionRecord? JsonSerializer.Deserialize<InspectionRecord>(string json, JsonSerializerOptions? options = null)'. [C:\LubeLogger\lubelog\CarCareTracker.csproj]
C:\LubeLogger\lubelog\External\Implementations\Postgres\InspectionRecordDataAccess.cs(43,65): warning CS8600: Converting null literal or possible null value to non-nullable type. [C:\LubeLogger\lubelog\CarCareTracker.csproj]
C:\LubeLogger\lubelog\External\Implementations\Postgres\InspectionRecordDataAccess.cs(44,41): warning CS8604: Possible null reference argument for parameter 'item' in 'void List<InspectionRecord>.Add(InspectionRecord item)'. [C:\LubeLogger\lubelog\CarCareTracker.csproj]
C:\LubeLogger\lubelog\External\Implementations\Postgres\InspectionRecordDataAccess.cs(67,110): warning CS8604: Possible null reference argument for parameter 'json' in 'InspectionRecord? JsonSerializer.Deserialize<InspectionRecord>(string json, JsonSerializerOptions? options = null)'. [C:\LubeLogger\lubelog\CarCareTracker.csproj]
C:\LubeLogger\lubelog\External\Implementations\Postgres\InspectionRecordDataAccess.cs(67,65): warning CS8600: Converting null literal or possible null value to non-nullable type. [C:\LubeLogger\lubelog\CarCareTracker.csproj]
C:\LubeLogger\lubelog\External\Implementations\Postgres\InspectionRecordDataAccess.cs(71,24): warning CS8603: Possible null reference return. [C:\LubeLogger\lubelog\CarCareTracker.csproj]
C:\LubeLogger\lubelog\External\Implementations\Postgres\GasRecordDataAccess.cs(43,89): warning CS8604: Possible null reference argument for parameter 'json' in 'GasRecord? JsonSerializer.Deserialize<GasRecord>(string json, JsonSerializerOptions? options = null)'. [C:\LubeLogger\lubelog\CarCareTracker.csproj]
C:\LubeLogger\lubelog\External\Implementations\Postgres\GasRecordDataAccess.cs(43,51): warning CS8600: Converting null literal or possible null value to non-nullable type. [C:\LubeLogger\lubelog\CarCareTracker.csproj]
C:\LubeLogger\lubelog\External\Implementations\Postgres\GasRecordDataAccess.cs(44,41): warning CS8604: Possible null reference argument for parameter 'item' in 'void List<GasRecord>.Add(GasRecord item)'. [C:\LubeLogger\lubelog\CarCareTracker.csproj]
C:\LubeLogger\lubelog\External\Implementations\Postgres\ExtraFieldDataAccess.cs(15,52): warning CS8604: Possible null reference argument for parameter 'connectionString' in 'NpgsqlDataSource NpgsqlDataSource.Create(string connectionString)'. [C:\LubeLogger\lubelog\CarCareTracker.csproj]
C:\LubeLogger\lubelog\External\Implementations\Postgres\OdometerRecordDataAccess.cs(67,104): warning CS8604: Possible null reference argument for parameter 'json' in 'OdometerRecord? JsonSerializer.Deserialize<OdometerRecord>(string json, JsonSerializerOptions? options = null)'. [C:\LubeLogger\lubelog\CarCareTracker.csproj]
C:\LubeLogger\lubelog\External\Implementations\Postgres\OdometerRecordDataAccess.cs(67,61): warning CS8600: Converting null literal or possible null value to non-nullable type. [C:\LubeLogger\lubelog\CarCareTracker.csproj]
C:\LubeLogger\lubelog\External\Implementations\Postgres\OdometerRecordDataAccess.cs(71,24): warning CS8603: Possible null reference return. [C:\LubeLogger\lubelog\CarCareTracker.csproj]
C:\LubeLogger\lubelog\External\Implementations\Postgres\ExtraFieldDataAccess.cs(43,100): warning CS8604: Possible null reference argument for parameter 'json' in 'RecordExtraField? JsonSerializer.Deserialize<RecordExtraField>(string json, JsonSerializerOptions? options = null)'. [C:\LubeLogger\lubelog\CarCareTracker.csproj]
C:\LubeLogger\lubelog\External\Implementations\Postgres\ExtraFieldDataAccess.cs(43,55): warning CS8600: Converting null literal or possible null value to non-nullable type. [C:\LubeLogger\lubelog\CarCareTracker.csproj]
C:\LubeLogger\lubelog\External\Implementations\Postgres\ExtraFieldDataAccess.cs(44,41): warning CS8604: Possible null reference argument for parameter 'item' in 'void List<RecordExtraField>.Add(RecordExtraField item)'. [C:\LubeLogger\lubelog\CarCareTracker.csproj]
C:\LubeLogger\lubelog\External\Implementations\Postgres\GasRecordDataAccess.cs(67,89): warning CS8604: Possible null reference argument for parameter 'json' in 'GasRecord? JsonSerializer.Deserialize<GasRecord>(string json, JsonSerializerOptions? options = null)'. [C:\LubeLogger\lubelog\CarCareTracker.csproj]
C:\LubeLogger\lubelog\External\Implementations\Postgres\GasRecordDataAccess.cs(67,51): warning CS8600: Converting null literal or possible null value to non-nullable type. [C:\LubeLogger\lubelog\CarCareTracker.csproj]
C:\LubeLogger\lubelog\External\Implementations\Postgres\GasRecordDataAccess.cs(71,24): warning CS8603: Possible null reference return. [C:\LubeLogger\lubelog\CarCareTracker.csproj]
C:\LubeLogger\lubelog\External\Implementations\Postgres\EquipmentRecordDataAccess.cs(44,107): warning CS8604: Possible null reference argument for parameter 'json' in 'EquipmentRecord? JsonSerializer.Deserialize<EquipmentRecord>(string json, JsonSerializerOptions? options = null)'. [C:\LubeLogger\lubelog\CarCareTracker.csproj]
C:\LubeLogger\lubelog\External\Implementations\Postgres\EquipmentRecordDataAccess.cs(44,63): warning CS8600: Converting null literal or possible null value to non-nullable type. [C:\LubeLogger\lubelog\CarCareTracker.csproj]
C:\LubeLogger\lubelog\External\Implementations\Postgres\EquipmentRecordDataAccess.cs(45,41): warning CS8604: Possible null reference argument for parameter 'item' in 'void List<EquipmentRecord>.Add(EquipmentRecord item)'. [C:\LubeLogger\lubelog\CarCareTracker.csproj]
C:\LubeLogger\lubelog\External\Implementations\Postgres\ExtraFieldDataAccess.cs(67,100): warning CS8604: Possible null reference argument for parameter 'json' in 'RecordExtraField? JsonSerializer.Deserialize<RecordExtraField>(string json, JsonSerializerOptions? options = null)'. [C:\LubeLogger\lubelog\CarCareTracker.csproj]
C:\LubeLogger\lubelog\External\Implementations\Postgres\ExtraFieldDataAccess.cs(67,55): warning CS8600: Converting null literal or possible null value to non-nullable type. [C:\LubeLogger\lubelog\CarCareTracker.csproj]
C:\LubeLogger\lubelog\External\Implementations\Postgres\ExtraFieldDataAccess.cs(71,24): warning CS8603: Possible null reference return. [C:\LubeLogger\lubelog\CarCareTracker.csproj]
C:\LubeLogger\lubelog\External\Implementations\Postgres\CollisionRecordDataAccess.cs(44,107): warning CS8604: Possible null reference argument for parameter 'json' in 'CollisionRecord? JsonSerializer.Deserialize<CollisionRecord>(string json, JsonSerializerOptions? options = null)'. [C:\LubeLogger\lubelog\CarCareTracker.csproj]
C:\LubeLogger\lubelog\External\Implementations\Postgres\CollisionRecordDataAccess.cs(44,63): warning CS8600: Converting null literal or possible null value to non-nullable type. [C:\LubeLogger\lubelog\CarCareTracker.csproj]
C:\LubeLogger\lubelog\External\Implementations\Postgres\CollisionRecordDataAccess.cs(45,41): warning CS8604: Possible null reference argument for parameter 'item' in 'void List<CollisionRecord>.Add(CollisionRecord item)'. [C:\LubeLogger\lubelog\CarCareTracker.csproj]
C:\LubeLogger\lubelog\External\Implementations\Postgres\InspectionRecordTemplateDataAccess.cs(43,120): warning CS8604: Possible null reference argument for parameter 'json' in 'InspectionRecordInput? JsonSerializer.Deserialize<InspectionRecordInput>(string json, JsonSerializerOptions? options = null)'. [C:\LubeLogger\lubelog\CarCareTracker.csproj]
C:\LubeLogger\lubelog\External\Implementations\Postgres\InspectionRecordTemplateDataAccess.cs(43,70): warning CS8600: Converting null literal or possible null value to non-nullable type. [C:\LubeLogger\lubelog\CarCareTracker.csproj]
C:\LubeLogger\lubelog\External\Implementations\Postgres\InspectionRecordTemplateDataAccess.cs(44,41): warning CS8604: Possible null reference argument for parameter 'item' in 'void List<InspectionRecordInput>.Add(InspectionRecordInput item)'. [C:\LubeLogger\lubelog\CarCareTracker.csproj]
C:\LubeLogger\lubelog\External\Implementations\Postgres\InspectionRecordTemplateDataAccess.cs(67,120): warning CS8604: Possible null reference argument for parameter 'json' in 'InspectionRecordInput? JsonSerializer.Deserialize<InspectionRecordInput>(string json, JsonSerializerOptions? options = null)'. [C:\LubeLogger\lubelog\CarCareTracker.csproj]
C:\LubeLogger\lubelog\External\Implementations\Postgres\InspectionRecordTemplateDataAccess.cs(67,70): warning CS8600: Converting null literal or possible null value to non-nullable type. [C:\LubeLogger\lubelog\CarCareTracker.csproj]
C:\LubeLogger\lubelog\External\Implementations\Postgres\InspectionRecordTemplateDataAccess.cs(71,24): warning CS8603: Possible null reference return. [C:\LubeLogger\lubelog\CarCareTracker.csproj]
C:\LubeLogger\lubelog\External\Implementations\Litedb\UserHouseholdDataAcces.cs(31,20): warning CS8603: Possible null reference return. [C:\LubeLogger\lubelog\CarCareTracker.csproj]
C:\LubeLogger\lubelog\External\Implementations\Postgres\ApiKeyRecordDataAccess.cs(44,86): warning CS8604: Possible null reference argument for parameter 'json' in 'APIKey? JsonSerializer.Deserialize<APIKey>(string json, JsonSerializerOptions? options = null)'. [C:\LubeLogger\lubelog\CarCareTracker.csproj]
C:\LubeLogger\lubelog\External\Implementations\Postgres\ApiKeyRecordDataAccess.cs(44,51): warning CS8600: Converting null literal or possible null value to non-nullable type. [C:\LubeLogger\lubelog\CarCareTracker.csproj]
C:\LubeLogger\lubelog\External\Implementations\Postgres\ApiKeyRecordDataAccess.cs(45,41): warning CS8604: Possible null reference argument for parameter 'item' in 'void List<APIKey>.Add(APIKey item)'. [C:\LubeLogger\lubelog\CarCareTracker.csproj]
C:\LubeLogger\lubelog\External\Implementations\Postgres\ApiKeyRecordDataAccess.cs(68,86): warning CS8604: Possible null reference argument for parameter 'json' in 'APIKey? JsonSerializer.Deserialize<APIKey>(string json, JsonSerializerOptions? options = null)'. [C:\LubeLogger\lubelog\CarCareTracker.csproj]
C:\LubeLogger\lubelog\External\Implementations\Postgres\ApiKeyRecordDataAccess.cs(68,51): warning CS8600: Converting null literal or possible null value to non-nullable type. [C:\LubeLogger\lubelog\CarCareTracker.csproj]
C:\LubeLogger\lubelog\External\Implementations\Postgres\ApiKeyRecordDataAccess.cs(72,24): warning CS8603: Possible null reference return. [C:\LubeLogger\lubelog\CarCareTracker.csproj]
C:\LubeLogger\lubelog\External\Implementations\Postgres\EquipmentRecordDataAccess.cs(68,107): warning CS8604: Possible null reference argument for parameter 'json' in 'EquipmentRecord? JsonSerializer.Deserialize<EquipmentRecord>(string json, JsonSerializerOptions? options = null)'. [C:\LubeLogger\lubelog\CarCareTracker.csproj]
C:\LubeLogger\lubelog\External\Implementations\Postgres\EquipmentRecordDataAccess.cs(68,63): warning CS8600: Converting null literal or possible null value to non-nullable type. [C:\LubeLogger\lubelog\CarCareTracker.csproj]
C:\LubeLogger\lubelog\External\Implementations\Postgres\EquipmentRecordDataAccess.cs(72,24): warning CS8603: Possible null reference return. [C:\LubeLogger\lubelog\CarCareTracker.csproj]
C:\LubeLogger\lubelog\External\Implementations\Postgres\ApiKeyRecordDataAccess.cs(92,86): warning CS8604: Possible null reference argument for parameter 'json' in 'APIKey? JsonSerializer.Deserialize<APIKey>(string json, JsonSerializerOptions? options = null)'. [C:\LubeLogger\lubelog\CarCareTracker.csproj]
C:\LubeLogger\lubelog\External\Implementations\Postgres\ApiKeyRecordDataAccess.cs(92,51): warning CS8600: Converting null literal or possible null value to non-nullable type. [C:\LubeLogger\lubelog\CarCareTracker.csproj]
C:\LubeLogger\lubelog\External\Implementations\Postgres\ApiKeyRecordDataAccess.cs(96,24): warning CS8603: Possible null reference return. [C:\LubeLogger\lubelog\CarCareTracker.csproj]
C:\LubeLogger\lubelog\External\Implementations\Postgres\CollisionRecordDataAccess.cs(68,107): warning CS8604: Possible null reference argument for parameter 'json' in 'CollisionRecord? JsonSerializer.Deserialize<CollisionRecord>(string json, JsonSerializerOptions? options = null)'. [C:\LubeLogger\lubelog\CarCareTracker.csproj]
C:\LubeLogger\lubelog\External\Implementations\Postgres\CollisionRecordDataAccess.cs(68,63): warning CS8600: Converting null literal or possible null value to non-nullable type. [C:\LubeLogger\lubelog\CarCareTracker.csproj]
C:\LubeLogger\lubelog\External\Implementations\Postgres\CollisionRecordDataAccess.cs(72,24): warning CS8603: Possible null reference return. [C:\LubeLogger\lubelog\CarCareTracker.csproj]
C:\LubeLogger\lubelog\External\Implementations\Litedb\UserAccessDataAcces.cs(30,20): warning CS8603: Possible null reference return. [C:\LubeLogger\lubelog\CarCareTracker.csproj]
C:\LubeLogger\lubelog\Helper\LiteDBHelper.cs(33,18): warning CS8625: Cannot convert null literal to non-nullable reference type. [C:\LubeLogger\lubelog\CarCareTracker.csproj]
C:\LubeLogger\lubelog\Views\Vehicle\Report\_Collaborators.cshtml(22,18): warning CS8602: Dereference of a possibly null reference. [C:\LubeLogger\lubelog\CarCareTracker.csproj]

Build FAILED.

C:\LubeLogger\lubelog\CarCareTracker.csproj : warning NU1902: Package 'MimeKit' 4.14.0 has a known moderate severity vulnerability, https://github.com/advisories/GHSA-g7hc-96xr-gvvx [C:\LubeLogger\lubelog\CarCareTracker.sln]
C:\LubeLogger\lubelog\CarCareTracker.csproj : warning NU1902: Package 'MimeKit' 4.14.0 has a known moderate severity vulnerability, https://github.com/advisories/GHSA-g7hc-96xr-gvvx
C:\LubeLogger\lubelog\Controllers\ErrorController.cs(7,30): warning CS0114: 'ErrorController.Unauthorized()' hides inherited member 'ControllerBase.Unauthorized()'. To make the current member override that implementation, add the override keyword. Otherwise add the new keyword. [C:\LubeLogger\lubelog\CarCareTracker.csproj]
C:\LubeLogger\lubelog\Middleware\Authen.cs(159,63): warning CS8604: Possible null reference argument for parameter 'apiKey' in 'UserData ILoginLogic.ValidateAPIKey(string apiKey)'. [C:\LubeLogger\lubelog\CarCareTracker.csproj]
C:\LubeLogger\lubelog\Middleware\Authen.cs(189,67): warning CS8600: Converting null literal or possible null value to non-nullable type. [C:\LubeLogger\lubelog\CarCareTracker.csproj]
C:\LubeLogger\lubelog\Middleware\Authen.cs(207,67): warning CS8600: Converting null literal or possible null value to non-nullable type. [C:\LubeLogger\lubelog\CarCareTracker.csproj]
C:\LubeLogger\lubelog\Middleware\Authen.cs(209,21): warning CS8602: Dereference of a possibly null reference. [C:\LubeLogger\lubelog\CarCareTracker.csproj]
C:\LubeLogger\lubelog\Middleware\Authen.cs(209,21): warning CS8602: Dereference of a possibly null reference. [C:\LubeLogger\lubelog\CarCareTracker.csproj]
C:\LubeLogger\lubelog\MapProfile\ImportMappers.cs(37,40): warning CS8602: Dereference of a possibly null reference. [C:\LubeLogger\lubelog\CarCareTracker.csproj]
C:\LubeLogger\lubelog\MapProfile\ImportMappers.cs(41,62): warning CS8604: Possible null reference argument for parameter 'value' in 'void Dictionary<string, string>.Add(string key, string value)'. [C:\LubeLogger\lubelog\CarCareTracker.csproj]
C:\LubeLogger\lubelog\Views\Vehicle\_UserCollaborators.cshtml(43,29): warning CS8602: Dereference of a possibly null reference. [C:\LubeLogger\lubelog\CarCareTracker.csproj]
C:\LubeLogger\lubelog\External\Implementations\Postgres\VehicleDataAccess.cs(104,83): warning CS8604: Possible null reference argument for parameter 'json' in 'Vehicle? JsonSerializer.Deserialize<Vehicle>(string json, JsonSerializerOptions? options = null)'. [C:\LubeLogger\lubelog\CarCareTracker.csproj]
C:\LubeLogger\lubelog\External\Implementations\Postgres\VehicleDataAccess.cs(104,47): warning CS8600: Converting null literal or possible null value to non-nullable type. [C:\LubeLogger\lubelog\CarCareTracker.csproj]
C:\LubeLogger\lubelog\External\Implementations\Postgres\VehicleDataAccess.cs(105,41): warning CS8604: Possible null reference argument for parameter 'item' in 'void List<Vehicle>.Add(Vehicle item)'. [C:\LubeLogger\lubelog\CarCareTracker.csproj]
C:\LubeLogger\lubelog\Filter\StrictCollaboratorFilter.cs(29,46): warning CS8602: Dereference of a possibly null reference. [C:\LubeLogger\lubelog\CarCareTracker.csproj]
C:\LubeLogger\lubelog\Filter\StrictCollaboratorFilter.cs(29,46): warning CS8604: Possible null reference argument for parameter 's' in 'int int.Parse(string s)'. [C:\LubeLogger\lubelog\CarCareTracker.csproj]
C:\LubeLogger\lubelog\Filter\StrictCollaboratorFilter.cs(33,41): warning CS8604: Possible null reference argument for parameter 'collection' in 'void List<int>.AddRange(IEnumerable<int> collection)'. [C:\LubeLogger\lubelog\CarCareTracker.csproj]
C:\LubeLogger\lubelog\Filter\StrictCollaboratorFilter.cs(42,52): warning CS8604: Possible null reference argument for parameter 's' in 'int int.Parse(string s)'. [C:\LubeLogger\lubelog\CarCareTracker.csproj]
C:\LubeLogger\lubelog\Helper\TranslationHelper.cs(61,17): warning CS8602: Dereference of a possibly null reference. [C:\LubeLogger\lubelog\CarCareTracker.csproj]
C:\LubeLogger\lubelog\External\Implementations\Postgres\VehicleDataAccess.cs(127,75): warning CS8604: Possible null reference argument for parameter 'json' in 'Vehicle? JsonSerializer.Deserialize<Vehicle>(string json, JsonSerializerOptions? options = null)'. [C:\LubeLogger\lubelog\CarCareTracker.csproj]
C:\LubeLogger\lubelog\External\Implementations\Postgres\VehicleDataAccess.cs(127,39): warning CS8600: Converting null literal or possible null value to non-nullable type. [C:\LubeLogger\lubelog\CarCareTracker.csproj]
C:\LubeLogger\lubelog\External\Implementations\Postgres\VehicleDataAccess.cs(130,24): warning CS8603: Possible null reference return. [C:\LubeLogger\lubelog\CarCareTracker.csproj]
C:\LubeLogger\lubelog\Models\User\UserHousehold.cs(10,32): warning CS8618: Non-nullable property 'Id' must contain a non-null value when exiting constructor. Consider adding the 'required' modifier or declaring the property as nullable. [C:\LubeLogger\lubelog\CarCareTracker.csproj]
C:\LubeLogger\lubelog\External\Implementations\Postgres\UserRecordDataAccess.cs(42,51): warning CS8604: Possible null reference argument for parameter 's' in 'int int.Parse(string s)'. [C:\LubeLogger\lubelog\CarCareTracker.csproj]
C:\LubeLogger\lubelog\External\Implementations\Postgres\UserRecordDataAccess.cs(43,47): warning CS8601: Possible null reference assignment. [C:\LubeLogger\lubelog\CarCareTracker.csproj]
C:\LubeLogger\lubelog\External\Implementations\Postgres\UserRecordDataAccess.cs(44,51): warning CS8601: Possible null reference assignment. [C:\LubeLogger\lubelog\CarCareTracker.csproj]
C:\LubeLogger\lubelog\External\Implementations\Postgres\UserRecordDataAccess.cs(45,47): warning CS8601: Possible null reference assignment. [C:\LubeLogger\lubelog\CarCareTracker.csproj]
C:\LubeLogger\lubelog\External\Implementations\Postgres\UserRecordDataAccess.cs(46,57): warning CS8604: Possible null reference argument for parameter 'value' in 'bool bool.Parse(string value)'. [C:\LubeLogger\lubelog\CarCareTracker.csproj]
C:\LubeLogger\lubelog\Models\User\UserConfigData.cs(9,27): warning CS8618: Non-nullable property 'UserConfig' must contain a non-null value when exiting constructor. Consider adding the 'required' modifier or declaring the property as nullable. [C:\LubeLogger\lubelog\CarCareTracker.csproj]
C:\LubeLogger\lubelog\Filter\APIKeyFilter.cs(27,71): warning CS8604: Possible null reference argument for parameter 'apiKey' in 'List<HouseholdPermission> IUserLogic.GetAPIKeyPermissions(string apiKey)'. [C:\LubeLogger\lubelog\CarCareTracker.csproj]
C:\LubeLogger\lubelog\Filter\QueryParamFilter.cs(32,77): warning CS8600: Converting null literal or possible null value to non-nullable type. [C:\LubeLogger\lubelog\CarCareTracker.csproj]
C:\LubeLogger\lubelog\Filter\QueryParamFilter.cs(36,93): warning CS8604: Possible null reference argument for parameter 's' in 'int int.Parse(string s)'. [C:\LubeLogger\lubelog\CarCareTracker.csproj]
C:\LubeLogger\lubelog\Filter\QueryParamFilter.cs(40,94): warning CS8604: Possible null reference argument for parameter 'value' in 'bool bool.Parse(string value)'. [C:\LubeLogger\lubelog\CarCareTracker.csproj]
C:\LubeLogger\lubelog\Models\User\UserCollaborator.cs(6,28): warning CS8618: Non-nullable property 'UserVehicle' must contain a non-null value when exiting constructor. Consider adding the 'required' modifier or declaring the property as nullable. [C:\LubeLogger\lubelog\CarCareTracker.csproj]
C:\LubeLogger\lubelog\Models\User\UserAccess.cs(10,28): warning CS8618: Non-nullable property 'Id' must contain a non-null value when exiting constructor. Consider adding the 'required' modifier or declaring the property as nullable. [C:\LubeLogger\lubelog\CarCareTracker.csproj]
C:\LubeLogger\lubelog\External\Implementations\Postgres\UserRecordDataAccess.cs(70,51): warning CS8604: Possible null reference argument for parameter 's' in 'int int.Parse(string s)'. [C:\LubeLogger\lubelog\CarCareTracker.csproj]
C:\LubeLogger\lubelog\External\Implementations\Postgres\UserRecordDataAccess.cs(71,47): warning CS8601: Possible null reference assignment. [C:\LubeLogger\lubelog\CarCareTracker.csproj]
C:\LubeLogger\lubelog\External\Implementations\Postgres\UserRecordDataAccess.cs(72,51): warning CS8601: Possible null reference assignment. [C:\LubeLogger\lubelog\CarCareTracker.csproj]
C:\LubeLogger\lubelog\External\Implementations\Postgres\UserRecordDataAccess.cs(73,47): warning CS8601: Possible null reference assignment. [C:\LubeLogger\lubelog\CarCareTracker.csproj]
C:\LubeLogger\lubelog\External\Implementations\Postgres\UserRecordDataAccess.cs(74,57): warning CS8604: Possible null reference argument for parameter 'value' in 'bool bool.Parse(string value)'. [C:\LubeLogger\lubelog\CarCareTracker.csproj]
C:\LubeLogger\lubelog\External\Implementations\Postgres\UserRecordDataAccess.cs(97,51): warning CS8604: Possible null reference argument for parameter 's' in 'int int.Parse(string s)'. [C:\LubeLogger\lubelog\CarCareTracker.csproj]
C:\LubeLogger\lubelog\External\Implementations\Postgres\UserRecordDataAccess.cs(98,47): warning CS8601: Possible null reference assignment. [C:\LubeLogger\lubelog\CarCareTracker.csproj]
C:\LubeLogger\lubelog\External\Implementations\Postgres\UserRecordDataAccess.cs(99,51): warning CS8601: Possible null reference assignment. [C:\LubeLogger\lubelog\CarCareTracker.csproj]
C:\LubeLogger\lubelog\External\Implementations\Postgres\UserRecordDataAccess.cs(100,47): warning CS8601: Possible null reference assignment. [C:\LubeLogger\lubelog\CarCareTracker.csproj]
C:\LubeLogger\lubelog\External\Implementations\Postgres\UserRecordDataAccess.cs(101,57): warning CS8604: Possible null reference argument for parameter 'value' in 'bool bool.Parse(string value)'. [C:\LubeLogger\lubelog\CarCareTracker.csproj]
C:\LubeLogger\lubelog\Filter\CollaboratorFilter.cs(31,46): warning CS8602: Dereference of a possibly null reference. [C:\LubeLogger\lubelog\CarCareTracker.csproj]
C:\LubeLogger\lubelog\Filter\CollaboratorFilter.cs(31,46): warning CS8604: Possible null reference argument for parameter 's' in 'int int.Parse(string s)'. [C:\LubeLogger\lubelog\CarCareTracker.csproj]
C:\LubeLogger\lubelog\Filter\CollaboratorFilter.cs(35,41): warning CS8604: Possible null reference argument for parameter 'collection' in 'void List<int>.AddRange(IEnumerable<int> collection)'. [C:\LubeLogger\lubelog\CarCareTracker.csproj]
C:\LubeLogger\lubelog\Filter\CollaboratorFilter.cs(43,52): warning CS8604: Possible null reference argument for parameter 's' in 'int int.Parse(string s)'. [C:\LubeLogger\lubelog\CarCareTracker.csproj]
C:\LubeLogger\lubelog\Filter\CollaboratorFilter.cs(51,67): warning CS8602: Dereference of a possibly null reference. [C:\LubeLogger\lubelog\CarCareTracker.csproj]
C:\LubeLogger\lubelog\Filter\CollaboratorFilter.cs(51,67): warning CS8604: Possible null reference argument for parameter 'endpoint' in 'bool StaticHelper.IsShopSupplyEndpoint(string endpoint)'. [C:\LubeLogger\lubelog\CarCareTracker.csproj]
C:\LubeLogger\lubelog\Filter\CollaboratorFilter.cs(56,73): warning CS8602: Dereference of a possibly null reference. [C:\LubeLogger\lubelog\CarCareTracker.csproj]
C:\LubeLogger\lubelog\Filter\CollaboratorFilter.cs(56,73): warning CS8604: Possible null reference argument for parameter 'endpoint' in 'bool StaticHelper.IsShopSupplyEndpoint(string endpoint)'. [C:\LubeLogger\lubelog\CarCareTracker.csproj]
C:\LubeLogger\lubelog\External\Implementations\Postgres\UserRecordDataAccess.cs(124,51): warning CS8604: Possible null reference argument for parameter 's' in 'int int.Parse(string s)'. [C:\LubeLogger\lubelog\CarCareTracker.csproj]
C:\LubeLogger\lubelog\External\Implementations\Postgres\UserRecordDataAccess.cs(125,47): warning CS8601: Possible null reference assignment. [C:\LubeLogger\lubelog\CarCareTracker.csproj]
C:\LubeLogger\lubelog\External\Implementations\Postgres\UserRecordDataAccess.cs(126,51): warning CS8601: Possible null reference assignment. [C:\LubeLogger\lubelog\CarCareTracker.csproj]
C:\LubeLogger\lubelog\External\Implementations\Postgres\UserRecordDataAccess.cs(127,47): warning CS8601: Possible null reference assignment. [C:\LubeLogger\lubelog\CarCareTracker.csproj]
C:\LubeLogger\lubelog\External\Implementations\Postgres\UserRecordDataAccess.cs(128,57): warning CS8604: Possible null reference argument for parameter 'value' in 'bool bool.Parse(string value)'. [C:\LubeLogger\lubelog\CarCareTracker.csproj]
C:\LubeLogger\lubelog\External\Implementations\Postgres\UserHouseholdDataAccess.cs(43,94): warning CS8604: Possible null reference argument for parameter 'json' in 'UserHousehold? JsonSerializer.Deserialize<UserHousehold>(string json, JsonSerializerOptions? options = null)'. [C:\LubeLogger\lubelog\CarCareTracker.csproj]
C:\LubeLogger\lubelog\External\Implementations\Postgres\UserHouseholdDataAccess.cs(43,52): warning CS8600: Converting null literal or possible null value to non-nullable type. [C:\LubeLogger\lubelog\CarCareTracker.csproj]
C:\LubeLogger\lubelog\External\Implementations\Postgres\UserHouseholdDataAccess.cs(44,41): warning CS8604: Possible null reference argument for parameter 'item' in 'void List<UserHousehold>.Add(UserHousehold item)'. [C:\LubeLogger\lubelog\CarCareTracker.csproj]
C:\LubeLogger\lubelog\External\Implementations\Postgres\UserHouseholdDataAccess.cs(67,94): warning CS8604: Possible null reference argument for parameter 'json' in 'UserHousehold? JsonSerializer.Deserialize<UserHousehold>(string json, JsonSerializerOptions? options = null)'. [C:\LubeLogger\lubelog\CarCareTracker.csproj]
C:\LubeLogger\lubelog\External\Implementations\Postgres\UserHouseholdDataAccess.cs(67,52): warning CS8600: Converting null literal or possible null value to non-nullable type. [C:\LubeLogger\lubelog\CarCareTracker.csproj]
C:\LubeLogger\lubelog\External\Implementations\Postgres\UserHouseholdDataAccess.cs(68,41): warning CS8604: Possible null reference argument for parameter 'item' in 'void List<UserHousehold>.Add(UserHousehold item)'. [C:\LubeLogger\lubelog\CarCareTracker.csproj]
C:\LubeLogger\lubelog\External\Implementations\Postgres\UserHouseholdDataAccess.cs(84,40): warning CS8600: Converting null literal or possible null value to non-nullable type. [C:\LubeLogger\lubelog\CarCareTracker.csproj]
C:\LubeLogger\lubelog\External\Implementations\Postgres\UserHouseholdDataAccess.cs(92,80): warning CS8604: Possible null reference argument for parameter 'json' in 'UserHousehold? JsonSerializer.Deserialize<UserHousehold>(string json, JsonSerializerOptions? options = null)'. [C:\LubeLogger\lubelog\CarCareTracker.csproj]
C:\LubeLogger\lubelog\External\Implementations\Postgres\UserHouseholdDataAccess.cs(92,38): warning CS8600: Converting null literal or possible null value to non-nullable type. [C:\LubeLogger\lubelog\CarCareTracker.csproj]
C:\LubeLogger\lubelog\External\Implementations\Postgres\UserHouseholdDataAccess.cs(93,36): warning CS8603: Possible null reference return. [C:\LubeLogger\lubelog\CarCareTracker.csproj]
C:\LubeLogger\lubelog\External\Implementations\Postgres\UserHouseholdDataAccess.cs(96,24): warning CS8603: Possible null reference return. [C:\LubeLogger\lubelog\CarCareTracker.csproj]
C:\LubeLogger\lubelog\External\Implementations\Postgres\UserConfigDataAccess.cs(36,41): warning CS8600: Converting null literal or possible null value to non-nullable type. [C:\LubeLogger\lubelog\CarCareTracker.csproj]
C:\LubeLogger\lubelog\External\Implementations\Postgres\UserConfigDataAccess.cs(43,100): warning CS8604: Possible null reference argument for parameter 'json' in 'UserConfigData? JsonSerializer.Deserialize<UserConfigData>(string json, JsonSerializerOptions? options = null)'. [C:\LubeLogger\lubelog\CarCareTracker.csproj]
C:\LubeLogger\lubelog\External\Implementations\Postgres\UserConfigDataAccess.cs(43,57): warning CS8600: Converting null literal or possible null value to non-nullable type. [C:\LubeLogger\lubelog\CarCareTracker.csproj]
C:\LubeLogger\lubelog\External\Implementations\Postgres\UserConfigDataAccess.cs(44,38): warning CS8600: Converting null literal or possible null value to non-nullable type. [C:\LubeLogger\lubelog\CarCareTracker.csproj]
C:\LubeLogger\lubelog\External\Implementations\Postgres\UserConfigDataAccess.cs(47,24): warning CS8603: Possible null reference return. [C:\LubeLogger\lubelog\CarCareTracker.csproj]
C:\LubeLogger\lubelog\External\Implementations\Postgres\UserAccessDataAccess.cs(51,56): warning CS8604: Possible null reference argument for parameter 's' in 'int int.Parse(string s)'. [C:\LubeLogger\lubelog\CarCareTracker.csproj]
C:\LubeLogger\lubelog\External\Implementations\Postgres\UserAccessDataAccess.cs(52,59): warning CS8604: Possible null reference argument for parameter 's' in 'int int.Parse(string s)'. [C:\LubeLogger\lubelog\CarCareTracker.csproj]
C:\LubeLogger\lubelog\External\Implementations\Postgres\UserAccessDataAccess.cs(71,37): warning CS8600: Converting null literal or possible null value to non-nullable type. [C:\LubeLogger\lubelog\CarCareTracker.csproj]
C:\LubeLogger\lubelog\External\Implementations\Postgres\UserAccessDataAccess.cs(83,56): warning CS8604: Possible null reference argument for parameter 's' in 'int int.Parse(string s)'. [C:\LubeLogger\lubelog\CarCareTracker.csproj]
C:\LubeLogger\lubelog\External\Implementations\Postgres\UserAccessDataAccess.cs(84,59): warning CS8604: Possible null reference argument for parameter 's' in 'int int.Parse(string s)'. [C:\LubeLogger\lubelog\CarCareTracker.csproj]
C:\LubeLogger\lubelog\External\Implementations\Postgres\UserAccessDataAccess.cs(90,24): warning CS8603: Possible null reference return. [C:\LubeLogger\lubelog\CarCareTracker.csproj]
C:\LubeLogger\lubelog\External\Implementations\Postgres\UserAccessDataAccess.cs(114,56): warning CS8604: Possible null reference argument for parameter 's' in 'int int.Parse(string s)'. [C:\LubeLogger\lubelog\CarCareTracker.csproj]
C:\LubeLogger\lubelog\External\Implementations\Postgres\UserAccessDataAccess.cs(115,59): warning CS8604: Possible null reference argument for parameter 's' in 'int int.Parse(string s)'. [C:\LubeLogger\lubelog\CarCareTracker.csproj]
C:\LubeLogger\lubelog\External\Implementations\Postgres\UpgradeRecordDataAccess.cs(43,101): warning CS8604: Possible null reference argument for parameter 'json' in 'UpgradeRecord? JsonSerializer.Deserialize<UpgradeRecord>(string json, JsonSerializerOptions? options = null)'. [C:\LubeLogger\lubelog\CarCareTracker.csproj]
C:\LubeLogger\lubelog\External\Implementations\Postgres\UpgradeRecordDataAccess.cs(43,59): warning CS8600: Converting null literal or possible null value to non-nullable type. [C:\LubeLogger\lubelog\CarCareTracker.csproj]
C:\LubeLogger\lubelog\External\Implementations\Postgres\UpgradeRecordDataAccess.cs(44,41): warning CS8604: Possible null reference argument for parameter 'item' in 'void List<UpgradeRecord>.Add(UpgradeRecord item)'. [C:\LubeLogger\lubelog\CarCareTracker.csproj]
C:\LubeLogger\lubelog\External\Implementations\Postgres\UpgradeRecordDataAccess.cs(67,101): warning CS8604: Possible null reference argument for parameter 'json' in 'UpgradeRecord? JsonSerializer.Deserialize<UpgradeRecord>(string json, JsonSerializerOptions? options = null)'. [C:\LubeLogger\lubelog\CarCareTracker.csproj]
C:\LubeLogger\lubelog\External\Implementations\Postgres\UpgradeRecordDataAccess.cs(67,59): warning CS8600: Converting null literal or possible null value to non-nullable type. [C:\LubeLogger\lubelog\CarCareTracker.csproj]
C:\LubeLogger\lubelog\External\Implementations\Postgres\UpgradeRecordDataAccess.cs(71,24): warning CS8603: Possible null reference return. [C:\LubeLogger\lubelog\CarCareTracker.csproj]
C:\LubeLogger\lubelog\Views\Home\Index.cshtml(72,203): warning CS8602: Dereference of a possibly null reference. [C:\LubeLogger\lubelog\CarCareTracker.csproj]
C:\LubeLogger\lubelog\Helper\ConfigHelper.cs(468,22): warning CS8602: Dereference of a possibly null reference. [C:\LubeLogger\lubelog\CarCareTracker.csproj]
C:\LubeLogger\lubelog\Helper\ConfigHelper.cs(465,20): warning CS8603: Possible null reference return. [C:\LubeLogger\lubelog\CarCareTracker.csproj]
C:\LubeLogger\lubelog\Models\Settings\SettingsViewModel.cs(5,27): warning CS8618: Non-nullable property 'UserConfig' must contain a non-null value when exiting constructor. Consider adding the 'required' modifier or declaring the property as nullable. [C:\LubeLogger\lubelog\CarCareTracker.csproj]
C:\LubeLogger\lubelog\Models\Settings\ServerSettingsViewModel.cs(27,33): warning CS8618: Non-nullable property 'KestrelAppConfig' must contain a non-null value when exiting constructor. Consider adding the 'required' modifier or declaring the property as nullable. [C:\LubeLogger\lubelog\CarCareTracker.csproj]
C:\LubeLogger\lubelog\Models\Report\VehicleHistoryViewModel.cs(5,24): warning CS8618: Non-nullable property 'VehicleData' must contain a non-null value when exiting constructor. Consider adding the 'required' modifier or declaring the property as nullable. [C:\LubeLogger\lubelog\CarCareTracker.csproj]
C:\LubeLogger\lubelog\Models\Report\VehicleHistoryViewModel.cs(6,41): warning CS8618: Non-nullable property 'VehicleHistory' must contain a non-null value when exiting constructor. Consider adding the 'required' modifier or declaring the property as nullable. [C:\LubeLogger\lubelog\CarCareTracker.csproj]
C:\LubeLogger\lubelog\Models\Report\VehicleHistoryViewModel.cs(7,32): warning CS8618: Non-nullable property 'ReportParameters' must contain a non-null value when exiting constructor. Consider adding the 'required' modifier or declaring the property as nullable. [C:\LubeLogger\lubelog\CarCareTracker.csproj]
C:\LubeLogger\lubelog\Models\Login\AuthCookie.cs(5,25): warning CS8618: Non-nullable property 'UserData' must contain a non-null value when exiting constructor. Consider adding the 'required' modifier or declaring the property as nullable. [C:\LubeLogger\lubelog\CarCareTracker.csproj]
C:\LubeLogger\lubelog\Models\Kiosk\KioskReminderViewModel.cs(5,24): warning CS8618: Non-nullable property 'VehicleData' must contain a non-null value when exiting constructor. Consider adding the 'required' modifier or declaring the property as nullable. [C:\LubeLogger\lubelog\CarCareTracker.csproj]
C:\LubeLogger\lubelog\Models\Kiosk\KioskPlanViewModel.cs(5,24): warning CS8618: Non-nullable property 'VehicleData' must contain a non-null value when exiting constructor. Consider adding the 'required' modifier or declaring the property as nullable. [C:\LubeLogger\lubelog\CarCareTracker.csproj]
C:\LubeLogger\lubelog\Models\API\VehicleInfo.cs(10,39): warning CS8618: Non-nullable property 'NextReminder' must contain a non-null value when exiting constructor. Consider adding the 'required' modifier or declaring the property as nullable. [C:\LubeLogger\lubelog\CarCareTracker.csproj]
C:\LubeLogger\lubelog\External\Implementations\Postgres\TokenRecordDataAccess.cs(42,51): warning CS8604: Possible null reference argument for parameter 's' in 'int int.Parse(string s)'. [C:\LubeLogger\lubelog\CarCareTracker.csproj]
C:\LubeLogger\lubelog\External\Implementations\Postgres\TokenRecordDataAccess.cs(43,51): warning CS8601: Possible null reference assignment. [C:\LubeLogger\lubelog\CarCareTracker.csproj]
C:\LubeLogger\lubelog\External\Implementations\Postgres\TokenRecordDataAccess.cs(44,43): warning CS8601: Possible null reference assignment. [C:\LubeLogger\lubelog\CarCareTracker.csproj]
C:\LubeLogger\lubelog\External\Implementations\Postgres\TokenRecordDataAccess.cs(68,51): warning CS8604: Possible null reference argument for parameter 's' in 'int int.Parse(string s)'. [C:\LubeLogger\lubelog\CarCareTracker.csproj]
C:\LubeLogger\lubelog\External\Implementations\Postgres\TokenRecordDataAccess.cs(69,51): warning CS8601: Possible null reference assignment. [C:\LubeLogger\lubelog\CarCareTracker.csproj]
C:\LubeLogger\lubelog\External\Implementations\Postgres\TokenRecordDataAccess.cs(70,43): warning CS8601: Possible null reference assignment. [C:\LubeLogger\lubelog\CarCareTracker.csproj]
C:\LubeLogger\lubelog\External\Implementations\Postgres\TaxRecordDataAccess.cs(43,89): warning CS8604: Possible null reference argument for parameter 'json' in 'TaxRecord? JsonSerializer.Deserialize<TaxRecord>(string json, JsonSerializerOptions? options = null)'. [C:\LubeLogger\lubelog\CarCareTracker.csproj]
C:\LubeLogger\lubelog\External\Implementations\Postgres\TaxRecordDataAccess.cs(43,51): warning CS8600: Converting null literal or possible null value to non-nullable type. [C:\LubeLogger\lubelog\CarCareTracker.csproj]
C:\LubeLogger\lubelog\External\Implementations\Postgres\TaxRecordDataAccess.cs(44,41): warning CS8604: Possible null reference argument for parameter 'item' in 'void List<TaxRecord>.Add(TaxRecord item)'. [C:\LubeLogger\lubelog\CarCareTracker.csproj]
C:\LubeLogger\lubelog\External\Implementations\Postgres\ServiceRecordDataAccess.cs(43,101): warning CS8604: Possible null reference argument for parameter 'json' in 'ServiceRecord? JsonSerializer.Deserialize<ServiceRecord>(string json, JsonSerializerOptions? options = null)'. [C:\LubeLogger\lubelog\CarCareTracker.csproj]
C:\LubeLogger\lubelog\External\Implementations\Postgres\ServiceRecordDataAccess.cs(43,59): warning CS8600: Converting null literal or possible null value to non-nullable type. [C:\LubeLogger\lubelog\CarCareTracker.csproj]
C:\LubeLogger\lubelog\External\Implementations\Postgres\ServiceRecordDataAccess.cs(44,41): warning CS8604: Possible null reference argument for parameter 'item' in 'void List<ServiceRecord>.Add(ServiceRecord item)'. [C:\LubeLogger\lubelog\CarCareTracker.csproj]
C:\LubeLogger\lubelog\External\Implementations\Postgres\TaxRecordDataAccess.cs(67,89): warning CS8604: Possible null reference argument for parameter 'json' in 'TaxRecord? JsonSerializer.Deserialize<TaxRecord>(string json, JsonSerializerOptions? options = null)'. [C:\LubeLogger\lubelog\CarCareTracker.csproj]
C:\LubeLogger\lubelog\External\Implementations\Postgres\TaxRecordDataAccess.cs(67,51): warning CS8600: Converting null literal or possible null value to non-nullable type. [C:\LubeLogger\lubelog\CarCareTracker.csproj]
C:\LubeLogger\lubelog\External\Implementations\Postgres\TaxRecordDataAccess.cs(71,24): warning CS8603: Possible null reference return. [C:\LubeLogger\lubelog\CarCareTracker.csproj]
C:\LubeLogger\lubelog\External\Implementations\Postgres\ReminderRecordDataAccess.cs(43,104): warning CS8604: Possible null reference argument for parameter 'json' in 'ReminderRecord? JsonSerializer.Deserialize<ReminderRecord>(string json, JsonSerializerOptions? options = null)'. [C:\LubeLogger\lubelog\CarCareTracker.csproj]
C:\LubeLogger\lubelog\External\Implementations\Postgres\ReminderRecordDataAccess.cs(43,61): warning CS8600: Converting null literal or possible null value to non-nullable type. [C:\LubeLogger\lubelog\CarCareTracker.csproj]
C:\LubeLogger\lubelog\External\Implementations\Postgres\ReminderRecordDataAccess.cs(44,41): warning CS8604: Possible null reference argument for parameter 'item' in 'void List<ReminderRecord>.Add(ReminderRecord item)'. [C:\LubeLogger\lubelog\CarCareTracker.csproj]
C:\LubeLogger\lubelog\External\Implementations\Postgres\ServiceRecordDataAccess.cs(67,101): warning CS8604: Possible null reference argument for parameter 'json' in 'ServiceRecord? JsonSerializer.Deserialize<ServiceRecord>(string json, JsonSerializerOptions? options = null)'. [C:\LubeLogger\lubelog\CarCareTracker.csproj]
C:\LubeLogger\lubelog\External\Implementations\Postgres\ServiceRecordDataAccess.cs(67,59): warning CS8600: Converting null literal or possible null value to non-nullable type. [C:\LubeLogger\lubelog\CarCareTracker.csproj]
C:\LubeLogger\lubelog\External\Implementations\Postgres\ServiceRecordDataAccess.cs(71,24): warning CS8603: Possible null reference return. [C:\LubeLogger\lubelog\CarCareTracker.csproj]
C:\LubeLogger\lubelog\External\Implementations\Postgres\TokenRecordDataAccess.cs(93,51): warning CS8604: Possible null reference argument for parameter 's' in 'int int.Parse(string s)'. [C:\LubeLogger\lubelog\CarCareTracker.csproj]
C:\LubeLogger\lubelog\External\Implementations\Postgres\TokenRecordDataAccess.cs(94,51): warning CS8601: Possible null reference assignment. [C:\LubeLogger\lubelog\CarCareTracker.csproj]
C:\LubeLogger\lubelog\External\Implementations\Postgres\TokenRecordDataAccess.cs(95,43): warning CS8601: Possible null reference assignment. [C:\LubeLogger\lubelog\CarCareTracker.csproj]
C:\LubeLogger\lubelog\External\Implementations\Postgres\ReminderRecordDataAccess.cs(67,104): warning CS8604: Possible null reference argument for parameter 'json' in 'ReminderRecord? JsonSerializer.Deserialize<ReminderRecord>(string json, JsonSerializerOptions? options = null)'. [C:\LubeLogger\lubelog\CarCareTracker.csproj]
C:\LubeLogger\lubelog\External\Implementations\Postgres\ReminderRecordDataAccess.cs(67,61): warning CS8600: Converting null literal or possible null value to non-nullable type. [C:\LubeLogger\lubelog\CarCareTracker.csproj]
C:\LubeLogger\lubelog\External\Implementations\Postgres\ReminderRecordDataAccess.cs(71,24): warning CS8603: Possible null reference return. [C:\LubeLogger\lubelog\CarCareTracker.csproj]
C:\LubeLogger\lubelog\External\Implementations\Postgres\PlanRecordTemplateDataAccess.cs(15,52): warning CS8604: Possible null reference argument for parameter 'connectionString' in 'NpgsqlDataSource NpgsqlDataSource.Create(string connectionString)'. [C:\LubeLogger\lubelog\CarCareTracker.csproj]
C:\LubeLogger\lubelog\External\Implementations\Postgres\PlanRecordTemplateDataAccess.cs(43,102): warning CS8604: Possible null reference argument for parameter 'json' in 'PlanRecordInput? JsonSerializer.Deserialize<PlanRecordInput>(string json, JsonSerializerOptions? options = null)'. [C:\LubeLogger\lubelog\CarCareTracker.csproj]
C:\LubeLogger\lubelog\External\Implementations\Postgres\PlanRecordTemplateDataAccess.cs(43,58): warning CS8600: Converting null literal or possible null value to non-nullable type. [C:\LubeLogger\lubelog\CarCareTracker.csproj]
C:\LubeLogger\lubelog\External\Implementations\Postgres\PlanRecordTemplateDataAccess.cs(44,41): warning CS8604: Possible null reference argument for parameter 'item' in 'void List<PlanRecordInput>.Add(PlanRecordInput item)'. [C:\LubeLogger\lubelog\CarCareTracker.csproj]
C:\LubeLogger\lubelog\External\Implementations\Postgres\SupplyRecordDataAccess.cs(43,98): warning CS8604: Possible null reference argument for parameter 'json' in 'SupplyRecord? JsonSerializer.Deserialize<SupplyRecord>(string json, JsonSerializerOptions? options = null)'. [C:\LubeLogger\lubelog\CarCareTracker.csproj]
C:\LubeLogger\lubelog\External\Implementations\Postgres\SupplyRecordDataAccess.cs(43,57): warning CS8600: Converting null literal or possible null value to non-nullable type. [C:\LubeLogger\lubelog\CarCareTracker.csproj]
C:\LubeLogger\lubelog\External\Implementations\Postgres\SupplyRecordDataAccess.cs(44,41): warning CS8604: Possible null reference argument for parameter 'item' in 'void List<SupplyRecord>.Add(SupplyRecord item)'. [C:\LubeLogger\lubelog\CarCareTracker.csproj]
C:\LubeLogger\lubelog\External\Implementations\Postgres\SupplyRecordDataAccess.cs(67,98): warning CS8604: Possible null reference argument for parameter 'json' in 'SupplyRecord? JsonSerializer.Deserialize<SupplyRecord>(string json, JsonSerializerOptions? options = null)'. [C:\LubeLogger\lubelog\CarCareTracker.csproj]
C:\LubeLogger\lubelog\External\Implementations\Postgres\SupplyRecordDataAccess.cs(67,57): warning CS8600: Converting null literal or possible null value to non-nullable type. [C:\LubeLogger\lubelog\CarCareTracker.csproj]
C:\LubeLogger\lubelog\External\Implementations\Postgres\SupplyRecordDataAccess.cs(71,24): warning CS8603: Possible null reference return. [C:\LubeLogger\lubelog\CarCareTracker.csproj]
C:\LubeLogger\lubelog\External\Implementations\Postgres\PlanRecordDataAccess.cs(43,92): warning CS8604: Possible null reference argument for parameter 'json' in 'PlanRecord? JsonSerializer.Deserialize<PlanRecord>(string json, JsonSerializerOptions? options = null)'. [C:\LubeLogger\lubelog\CarCareTracker.csproj]
C:\LubeLogger\lubelog\External\Implementations\Postgres\PlanRecordDataAccess.cs(43,53): warning CS8600: Converting null literal or possible null value to non-nullable type. [C:\LubeLogger\lubelog\CarCareTracker.csproj]
C:\LubeLogger\lubelog\External\Implementations\Postgres\PlanRecordDataAccess.cs(44,41): warning CS8604: Possible null reference argument for parameter 'item' in 'void List<PlanRecord>.Add(PlanRecord item)'. [C:\LubeLogger\lubelog\CarCareTracker.csproj]
C:\LubeLogger\lubelog\External\Implementations\Postgres\PlanRecordTemplateDataAccess.cs(67,102): warning CS8604: Possible null reference argument for parameter 'json' in 'PlanRecordInput? JsonSerializer.Deserialize<PlanRecordInput>(string json, JsonSerializerOptions? options = null)'. [C:\LubeLogger\lubelog\CarCareTracker.csproj]
C:\LubeLogger\lubelog\External\Implementations\Postgres\PlanRecordTemplateDataAccess.cs(67,58): warning CS8600: Converting null literal or possible null value to non-nullable type. [C:\LubeLogger\lubelog\CarCareTracker.csproj]
C:\LubeLogger\lubelog\External\Implementations\Postgres\PlanRecordTemplateDataAccess.cs(71,24): warning CS8603: Possible null reference return. [C:\LubeLogger\lubelog\CarCareTracker.csproj]
C:\LubeLogger\lubelog\External\Implementations\Postgres\PlanRecordDataAccess.cs(67,92): warning CS8604: Possible null reference argument for parameter 'json' in 'PlanRecord? JsonSerializer.Deserialize<PlanRecord>(string json, JsonSerializerOptions? options = null)'. [C:\LubeLogger\lubelog\CarCareTracker.csproj]
C:\LubeLogger\lubelog\External\Implementations\Postgres\PlanRecordDataAccess.cs(67,53): warning CS8600: Converting null literal or possible null value to non-nullable type. [C:\LubeLogger\lubelog\CarCareTracker.csproj]
C:\LubeLogger\lubelog\External\Implementations\Postgres\PlanRecordDataAccess.cs(71,24): warning CS8603: Possible null reference return. [C:\LubeLogger\lubelog\CarCareTracker.csproj]
C:\LubeLogger\lubelog\External\Implementations\Postgres\NoteDataAccess.cs(42,74): warning CS8604: Possible null reference argument for parameter 'json' in 'Note? JsonSerializer.Deserialize<Note>(string json, JsonSerializerOptions? options = null)'. [C:\LubeLogger\lubelog\CarCareTracker.csproj]
C:\LubeLogger\lubelog\External\Implementations\Postgres\NoteDataAccess.cs(42,41): warning CS8600: Converting null literal or possible null value to non-nullable type. [C:\LubeLogger\lubelog\CarCareTracker.csproj]
C:\LubeLogger\lubelog\External\Implementations\Postgres\NoteDataAccess.cs(43,41): warning CS8604: Possible null reference argument for parameter 'item' in 'void List<Note>.Add(Note item)'. [C:\LubeLogger\lubelog\CarCareTracker.csproj]
C:\LubeLogger\lubelog\External\Implementations\Postgres\OdometerRecordDataAccess.cs(43,104): warning CS8604: Possible null reference argument for parameter 'json' in 'OdometerRecord? JsonSerializer.Deserialize<OdometerRecord>(string json, JsonSerializerOptions? options = null)'. [C:\LubeLogger\lubelog\CarCareTracker.csproj]
C:\LubeLogger\lubelog\External\Implementations\Postgres\OdometerRecordDataAccess.cs(43,61): warning CS8600: Converting null literal or possible null value to non-nullable type. [C:\LubeLogger\lubelog\CarCareTracker.csproj]
C:\LubeLogger\lubelog\External\Implementations\Postgres\OdometerRecordDataAccess.cs(44,41): warning CS8604: Possible null reference argument for parameter 'item' in 'void List<OdometerRecord>.Add(OdometerRecord item)'. [C:\LubeLogger\lubelog\CarCareTracker.csproj]
C:\LubeLogger\lubelog\External\Implementations\Postgres\NoteDataAccess.cs(65,74): warning CS8604: Possible null reference argument for parameter 'json' in 'Note? JsonSerializer.Deserialize<Note>(string json, JsonSerializerOptions? options = null)'. [C:\LubeLogger\lubelog\CarCareTracker.csproj]
C:\LubeLogger\lubelog\External\Implementations\Postgres\NoteDataAccess.cs(65,41): warning CS8600: Converting null literal or possible null value to non-nullable type. [C:\LubeLogger\lubelog\CarCareTracker.csproj]
C:\LubeLogger\lubelog\External\Implementations\Postgres\NoteDataAccess.cs(69,24): warning CS8603: Possible null reference return. [C:\LubeLogger\lubelog\CarCareTracker.csproj]
C:\LubeLogger\lubelog\External\Implementations\Postgres\InspectionRecordDataAccess.cs(43,110): warning CS8604: Possible null reference argument for parameter 'json' in 'InspectionRecord? JsonSerializer.Deserialize<InspectionRecord>(string json, JsonSerializerOptions? options = null)'. [C:\LubeLogger\lubelog\CarCareTracker.csproj]
C:\LubeLogger\lubelog\External\Implementations\Postgres\InspectionRecordDataAccess.cs(43,65): warning CS8600: Converting null literal or possible null value to non-nullable type. [C:\LubeLogger\lubelog\CarCareTracker.csproj]
C:\LubeLogger\lubelog\External\Implementations\Postgres\InspectionRecordDataAccess.cs(44,41): warning CS8604: Possible null reference argument for parameter 'item' in 'void List<InspectionRecord>.Add(InspectionRecord item)'. [C:\LubeLogger\lubelog\CarCareTracker.csproj]
C:\LubeLogger\lubelog\External\Implementations\Postgres\InspectionRecordDataAccess.cs(67,110): warning CS8604: Possible null reference argument for parameter 'json' in 'InspectionRecord? JsonSerializer.Deserialize<InspectionRecord>(string json, JsonSerializerOptions? options = null)'. [C:\LubeLogger\lubelog\CarCareTracker.csproj]
C:\LubeLogger\lubelog\External\Implementations\Postgres\InspectionRecordDataAccess.cs(67,65): warning CS8600: Converting null literal or possible null value to non-nullable type. [C:\LubeLogger\lubelog\CarCareTracker.csproj]
C:\LubeLogger\lubelog\External\Implementations\Postgres\InspectionRecordDataAccess.cs(71,24): warning CS8603: Possible null reference return. [C:\LubeLogger\lubelog\CarCareTracker.csproj]
C:\LubeLogger\lubelog\External\Implementations\Postgres\GasRecordDataAccess.cs(43,89): warning CS8604: Possible null reference argument for parameter 'json' in 'GasRecord? JsonSerializer.Deserialize<GasRecord>(string json, JsonSerializerOptions? options = null)'. [C:\LubeLogger\lubelog\CarCareTracker.csproj]
C:\LubeLogger\lubelog\External\Implementations\Postgres\GasRecordDataAccess.cs(43,51): warning CS8600: Converting null literal or possible null value to non-nullable type. [C:\LubeLogger\lubelog\CarCareTracker.csproj]
C:\LubeLogger\lubelog\External\Implementations\Postgres\GasRecordDataAccess.cs(44,41): warning CS8604: Possible null reference argument for parameter 'item' in 'void List<GasRecord>.Add(GasRecord item)'. [C:\LubeLogger\lubelog\CarCareTracker.csproj]
C:\LubeLogger\lubelog\External\Implementations\Postgres\ExtraFieldDataAccess.cs(15,52): warning CS8604: Possible null reference argument for parameter 'connectionString' in 'NpgsqlDataSource NpgsqlDataSource.Create(string connectionString)'. [C:\LubeLogger\lubelog\CarCareTracker.csproj]
C:\LubeLogger\lubelog\External\Implementations\Postgres\OdometerRecordDataAccess.cs(67,104): warning CS8604: Possible null reference argument for parameter 'json' in 'OdometerRecord? JsonSerializer.Deserialize<OdometerRecord>(string json, JsonSerializerOptions? options = null)'. [C:\LubeLogger\lubelog\CarCareTracker.csproj]
C:\LubeLogger\lubelog\External\Implementations\Postgres\OdometerRecordDataAccess.cs(67,61): warning CS8600: Converting null literal or possible null value to non-nullable type. [C:\LubeLogger\lubelog\CarCareTracker.csproj]
C:\LubeLogger\lubelog\External\Implementations\Postgres\OdometerRecordDataAccess.cs(71,24): warning CS8603: Possible null reference return. [C:\LubeLogger\lubelog\CarCareTracker.csproj]
C:\LubeLogger\lubelog\External\Implementations\Postgres\ExtraFieldDataAccess.cs(43,100): warning CS8604: Possible null reference argument for parameter 'json' in 'RecordExtraField? JsonSerializer.Deserialize<RecordExtraField>(string json, JsonSerializerOptions? options = null)'. [C:\LubeLogger\lubelog\CarCareTracker.csproj]
C:\LubeLogger\lubelog\External\Implementations\Postgres\ExtraFieldDataAccess.cs(43,55): warning CS8600: Converting null literal or possible null value to non-nullable type. [C:\LubeLogger\lubelog\CarCareTracker.csproj]
C:\LubeLogger\lubelog\External\Implementations\Postgres\ExtraFieldDataAccess.cs(44,41): warning CS8604: Possible null reference argument for parameter 'item' in 'void List<RecordExtraField>.Add(RecordExtraField item)'. [C:\LubeLogger\lubelog\CarCareTracker.csproj]
C:\LubeLogger\lubelog\External\Implementations\Postgres\GasRecordDataAccess.cs(67,89): warning CS8604: Possible null reference argument for parameter 'json' in 'GasRecord? JsonSerializer.Deserialize<GasRecord>(string json, JsonSerializerOptions? options = null)'. [C:\LubeLogger\lubelog\CarCareTracker.csproj]
C:\LubeLogger\lubelog\External\Implementations\Postgres\GasRecordDataAccess.cs(67,51): warning CS8600: Converting null literal or possible null value to non-nullable type. [C:\LubeLogger\lubelog\CarCareTracker.csproj]
C:\LubeLogger\lubelog\External\Implementations\Postgres\GasRecordDataAccess.cs(71,24): warning CS8603: Possible null reference return. [C:\LubeLogger\lubelog\CarCareTracker.csproj]
C:\LubeLogger\lubelog\External\Implementations\Postgres\EquipmentRecordDataAccess.cs(44,107): warning CS8604: Possible null reference argument for parameter 'json' in 'EquipmentRecord? JsonSerializer.Deserialize<EquipmentRecord>(string json, JsonSerializerOptions? options = null)'. [C:\LubeLogger\lubelog\CarCareTracker.csproj]
C:\LubeLogger\lubelog\External\Implementations\Postgres\EquipmentRecordDataAccess.cs(44,63): warning CS8600: Converting null literal or possible null value to non-nullable type. [C:\LubeLogger\lubelog\CarCareTracker.csproj]
C:\LubeLogger\lubelog\External\Implementations\Postgres\EquipmentRecordDataAccess.cs(45,41): warning CS8604: Possible null reference argument for parameter 'item' in 'void List<EquipmentRecord>.Add(EquipmentRecord item)'. [C:\LubeLogger\lubelog\CarCareTracker.csproj]
C:\LubeLogger\lubelog\External\Implementations\Postgres\ExtraFieldDataAccess.cs(67,100): warning CS8604: Possible null reference argument for parameter 'json' in 'RecordExtraField? JsonSerializer.Deserialize<RecordExtraField>(string json, JsonSerializerOptions? options = null)'. [C:\LubeLogger\lubelog\CarCareTracker.csproj]
C:\LubeLogger\lubelog\External\Implementations\Postgres\ExtraFieldDataAccess.cs(67,55): warning CS8600: Converting null literal or possible null value to non-nullable type. [C:\LubeLogger\lubelog\CarCareTracker.csproj]
C:\LubeLogger\lubelog\External\Implementations\Postgres\ExtraFieldDataAccess.cs(71,24): warning CS8603: Possible null reference return. [C:\LubeLogger\lubelog\CarCareTracker.csproj]
C:\LubeLogger\lubelog\External\Implementations\Postgres\CollisionRecordDataAccess.cs(44,107): warning CS8604: Possible null reference argument for parameter 'json' in 'CollisionRecord? JsonSerializer.Deserialize<CollisionRecord>(string json, JsonSerializerOptions? options = null)'. [C:\LubeLogger\lubelog\CarCareTracker.csproj]
C:\LubeLogger\lubelog\External\Implementations\Postgres\CollisionRecordDataAccess.cs(44,63): warning CS8600: Converting null literal or possible null value to non-nullable type. [C:\LubeLogger\lubelog\CarCareTracker.csproj]
C:\LubeLogger\lubelog\External\Implementations\Postgres\CollisionRecordDataAccess.cs(45,41): warning CS8604: Possible null reference argument for parameter 'item' in 'void List<CollisionRecord>.Add(CollisionRecord item)'. [C:\LubeLogger\lubelog\CarCareTracker.csproj]
C:\LubeLogger\lubelog\External\Implementations\Postgres\InspectionRecordTemplateDataAccess.cs(43,120): warning CS8604: Possible null reference argument for parameter 'json' in 'InspectionRecordInput? JsonSerializer.Deserialize<InspectionRecordInput>(string json, JsonSerializerOptions? options = null)'. [C:\LubeLogger\lubelog\CarCareTracker.csproj]
C:\LubeLogger\lubelog\External\Implementations\Postgres\InspectionRecordTemplateDataAccess.cs(43,70): warning CS8600: Converting null literal or possible null value to non-nullable type. [C:\LubeLogger\lubelog\CarCareTracker.csproj]
C:\LubeLogger\lubelog\External\Implementations\Postgres\InspectionRecordTemplateDataAccess.cs(44,41): warning CS8604: Possible null reference argument for parameter 'item' in 'void List<InspectionRecordInput>.Add(InspectionRecordInput item)'. [C:\LubeLogger\lubelog\CarCareTracker.csproj]
C:\LubeLogger\lubelog\External\Implementations\Postgres\InspectionRecordTemplateDataAccess.cs(67,120): warning CS8604: Possible null reference argument for parameter 'json' in 'InspectionRecordInput? JsonSerializer.Deserialize<InspectionRecordInput>(string json, JsonSerializerOptions? options = null)'. [C:\LubeLogger\lubelog\CarCareTracker.csproj]
C:\LubeLogger\lubelog\External\Implementations\Postgres\InspectionRecordTemplateDataAccess.cs(67,70): warning CS8600: Converting null literal or possible null value to non-nullable type. [C:\LubeLogger\lubelog\CarCareTracker.csproj]
C:\LubeLogger\lubelog\External\Implementations\Postgres\InspectionRecordTemplateDataAccess.cs(71,24): warning CS8603: Possible null reference return. [C:\LubeLogger\lubelog\CarCareTracker.csproj]
C:\LubeLogger\lubelog\External\Implementations\Litedb\UserHouseholdDataAcces.cs(31,20): warning CS8603: Possible null reference return. [C:\LubeLogger\lubelog\CarCareTracker.csproj]
C:\LubeLogger\lubelog\External\Implementations\Postgres\ApiKeyRecordDataAccess.cs(44,86): warning CS8604: Possible null reference argument for parameter 'json' in 'APIKey? JsonSerializer.Deserialize<APIKey>(string json, JsonSerializerOptions? options = null)'. [C:\LubeLogger\lubelog\CarCareTracker.csproj]
C:\LubeLogger\lubelog\External\Implementations\Postgres\ApiKeyRecordDataAccess.cs(44,51): warning CS8600: Converting null literal or possible null value to non-nullable type. [C:\LubeLogger\lubelog\CarCareTracker.csproj]
C:\LubeLogger\lubelog\External\Implementations\Postgres\ApiKeyRecordDataAccess.cs(45,41): warning CS8604: Possible null reference argument for parameter 'item' in 'void List<APIKey>.Add(APIKey item)'. [C:\LubeLogger\lubelog\CarCareTracker.csproj]
C:\LubeLogger\lubelog\External\Implementations\Postgres\ApiKeyRecordDataAccess.cs(68,86): warning CS8604: Possible null reference argument for parameter 'json' in 'APIKey? JsonSerializer.Deserialize<APIKey>(string json, JsonSerializerOptions? options = null)'. [C:\LubeLogger\lubelog\CarCareTracker.csproj]
C:\LubeLogger\lubelog\External\Implementations\Postgres\ApiKeyRecordDataAccess.cs(68,51): warning CS8600: Converting null literal or possible null value to non-nullable type. [C:\LubeLogger\lubelog\CarCareTracker.csproj]
C:\LubeLogger\lubelog\External\Implementations\Postgres\ApiKeyRecordDataAccess.cs(72,24): warning CS8603: Possible null reference return. [C:\LubeLogger\lubelog\CarCareTracker.csproj]
C:\LubeLogger\lubelog\External\Implementations\Postgres\EquipmentRecordDataAccess.cs(68,107): warning CS8604: Possible null reference argument for parameter 'json' in 'EquipmentRecord? JsonSerializer.Deserialize<EquipmentRecord>(string json, JsonSerializerOptions? options = null)'. [C:\LubeLogger\lubelog\CarCareTracker.csproj]
C:\LubeLogger\lubelog\External\Implementations\Postgres\EquipmentRecordDataAccess.cs(68,63): warning CS8600: Converting null literal or possible null value to non-nullable type. [C:\LubeLogger\lubelog\CarCareTracker.csproj]
C:\LubeLogger\lubelog\External\Implementations\Postgres\EquipmentRecordDataAccess.cs(72,24): warning CS8603: Possible null reference return. [C:\LubeLogger\lubelog\CarCareTracker.csproj]
C:\LubeLogger\lubelog\External\Implementations\Postgres\ApiKeyRecordDataAccess.cs(92,86): warning CS8604: Possible null reference argument for parameter 'json' in 'APIKey? JsonSerializer.Deserialize<APIKey>(string json, JsonSerializerOptions? options = null)'. [C:\LubeLogger\lubelog\CarCareTracker.csproj]
C:\LubeLogger\lubelog\External\Implementations\Postgres\ApiKeyRecordDataAccess.cs(92,51): warning CS8600: Converting null literal or possible null value to non-nullable type. [C:\LubeLogger\lubelog\CarCareTracker.csproj]
C:\LubeLogger\lubelog\External\Implementations\Postgres\ApiKeyRecordDataAccess.cs(96,24): warning CS8603: Possible null reference return. [C:\LubeLogger\lubelog\CarCareTracker.csproj]
C:\LubeLogger\lubelog\External\Implementations\Postgres\CollisionRecordDataAccess.cs(68,107): warning CS8604: Possible null reference argument for parameter 'json' in 'CollisionRecord? JsonSerializer.Deserialize<CollisionRecord>(string json, JsonSerializerOptions? options = null)'. [C:\LubeLogger\lubelog\CarCareTracker.csproj]
C:\LubeLogger\lubelog\External\Implementations\Postgres\CollisionRecordDataAccess.cs(68,63): warning CS8600: Converting null literal or possible null value to non-nullable type. [C:\LubeLogger\lubelog\CarCareTracker.csproj]
C:\LubeLogger\lubelog\External\Implementations\Postgres\CollisionRecordDataAccess.cs(72,24): warning CS8603: Possible null reference return. [C:\LubeLogger\lubelog\CarCareTracker.csproj]
C:\LubeLogger\lubelog\External\Implementations\Litedb\UserAccessDataAcces.cs(30,20): warning CS8603: Possible null reference return. [C:\LubeLogger\lubelog\CarCareTracker.csproj]
C:\LubeLogger\lubelog\Helper\LiteDBHelper.cs(33,18): warning CS8625: Cannot convert null literal to non-nullable reference type. [C:\LubeLogger\lubelog\CarCareTracker.csproj]
C:\LubeLogger\lubelog\Views\Vehicle\Report\_Collaborators.cshtml(22,18): warning CS8602: Dereference of a possibly null reference. [C:\LubeLogger\lubelog\CarCareTracker.csproj]
C:\LubeLogger\lubelog\Controllers\PublicController.cs(79,44): error CS1061: 'InspectionRecordInput' does not contain a definition for 'Name' and no accessible extension method 'Name' accepting a first argument of type 'InspectionRecordInput' could be found (are you missing a using directive or an assembly reference?) [C:\LubeLogger\lubelog\CarCareTracker.csproj]
    208 Warning(s)
    1 Error(s)

Time Elapsed 00:00:08.41
